Archive member included to satisfy reference by file (symbol)

c:/program files (x86)/atmel/studio/7.0/toolchain/arm/arm-gnu-toolchain/bin/../lib/gcc/arm-none-eabi/6.3.1/../../../../arm-none-eabi/lib/thumb/v7e-m\libc.a(lib_a-exit.o)
                              c:/program files (x86)/atmel/studio/7.0/toolchain/arm/arm-gnu-toolchain/bin/../lib/gcc/arm-none-eabi/6.3.1/../../../../arm-none-eabi/lib/thumb/v7e-m/crt0.o (exit)
c:/program files (x86)/atmel/studio/7.0/toolchain/arm/arm-gnu-toolchain/bin/../lib/gcc/arm-none-eabi/6.3.1/../../../../arm-none-eabi/lib/thumb/v7e-m\libc.a(lib_a-impure.o)
                              c:/program files (x86)/atmel/studio/7.0/toolchain/arm/arm-gnu-toolchain/bin/../lib/gcc/arm-none-eabi/6.3.1/../../../../arm-none-eabi/lib/thumb/v7e-m\libc.a(lib_a-exit.o) (_global_impure_ptr)
c:/program files (x86)/atmel/studio/7.0/toolchain/arm/arm-gnu-toolchain/bin/../lib/gcc/arm-none-eabi/6.3.1/../../../../arm-none-eabi/lib/thumb/v7e-m\libc.a(lib_a-init.o)
                              c:/program files (x86)/atmel/studio/7.0/toolchain/arm/arm-gnu-toolchain/bin/../lib/gcc/arm-none-eabi/6.3.1/../../../../arm-none-eabi/lib/thumb/v7e-m/crt0.o (__libc_init_array)
c:/program files (x86)/atmel/studio/7.0/toolchain/arm/arm-gnu-toolchain/bin/../lib/gcc/arm-none-eabi/6.3.1/../../../../arm-none-eabi/lib/thumb/v7e-m\libc.a(lib_a-memset.o)
                              c:/program files (x86)/atmel/studio/7.0/toolchain/arm/arm-gnu-toolchain/bin/../lib/gcc/arm-none-eabi/6.3.1/../../../../arm-none-eabi/lib/thumb/v7e-m/crt0.o (memset)
c:/program files (x86)/atmel/studio/7.0/toolchain/arm/arm-gnu-toolchain/bin/../lib/gcc/arm-none-eabi/6.3.1/../../../../arm-none-eabi/lib/thumb/v7e-m\libc.a(lib_a-sprintf.o)
                              src/wifi.o (sprintf)
c:/program files (x86)/atmel/studio/7.0/toolchain/arm/arm-gnu-toolchain/bin/../lib/gcc/arm-none-eabi/6.3.1/../../../../arm-none-eabi/lib/thumb/v7e-m\libc.a(lib_a-strstr.o)
                              src/wifi.o (strstr)
c:/program files (x86)/atmel/studio/7.0/toolchain/arm/arm-gnu-toolchain/bin/../lib/gcc/arm-none-eabi/6.3.1/../../../../arm-none-eabi/lib/thumb/v7e-m\libc.a(lib_a-svfprintf.o)
                              c:/program files (x86)/atmel/studio/7.0/toolchain/arm/arm-gnu-toolchain/bin/../lib/gcc/arm-none-eabi/6.3.1/../../../../arm-none-eabi/lib/thumb/v7e-m\libc.a(lib_a-sprintf.o) (_svfprintf_r)
c:/program files (x86)/atmel/studio/7.0/toolchain/arm/arm-gnu-toolchain/bin/../lib/gcc/arm-none-eabi/6.3.1/../../../../arm-none-eabi/lib/thumb/v7e-m\libc.a(lib_a-__call_atexit.o)
                              c:/program files (x86)/atmel/studio/7.0/toolchain/arm/arm-gnu-toolchain/bin/../lib/gcc/arm-none-eabi/6.3.1/../../../../arm-none-eabi/lib/thumb/v7e-m\libc.a(lib_a-exit.o) (__call_exitprocs)
c:/program files (x86)/atmel/studio/7.0/toolchain/arm/arm-gnu-toolchain/bin/../lib/gcc/arm-none-eabi/6.3.1/../../../../arm-none-eabi/lib/thumb/v7e-m\libc.a(lib_a-atexit.o)
                              c:/program files (x86)/atmel/studio/7.0/toolchain/arm/arm-gnu-toolchain/bin/../lib/gcc/arm-none-eabi/6.3.1/../../../../arm-none-eabi/lib/thumb/v7e-m\libc.a(lib_a-__call_atexit.o) (atexit)
c:/program files (x86)/atmel/studio/7.0/toolchain/arm/arm-gnu-toolchain/bin/../lib/gcc/arm-none-eabi/6.3.1/../../../../arm-none-eabi/lib/thumb/v7e-m\libc.a(lib_a-dtoa.o)
                              c:/program files (x86)/atmel/studio/7.0/toolchain/arm/arm-gnu-toolchain/bin/../lib/gcc/arm-none-eabi/6.3.1/../../../../arm-none-eabi/lib/thumb/v7e-m\libc.a(lib_a-svfprintf.o) (_dtoa_r)
c:/program files (x86)/atmel/studio/7.0/toolchain/arm/arm-gnu-toolchain/bin/../lib/gcc/arm-none-eabi/6.3.1/../../../../arm-none-eabi/lib/thumb/v7e-m\libc.a(lib_a-fini.o)
                              c:/program files (x86)/atmel/studio/7.0/toolchain/arm/arm-gnu-toolchain/bin/../lib/gcc/arm-none-eabi/6.3.1/../../../../arm-none-eabi/lib/thumb/v7e-m\libc.a(lib_a-__call_atexit.o) (__libc_fini_array)
c:/program files (x86)/atmel/studio/7.0/toolchain/arm/arm-gnu-toolchain/bin/../lib/gcc/arm-none-eabi/6.3.1/../../../../arm-none-eabi/lib/thumb/v7e-m\libc.a(lib_a-localeconv.o)
                              c:/program files (x86)/atmel/studio/7.0/toolchain/arm/arm-gnu-toolchain/bin/../lib/gcc/arm-none-eabi/6.3.1/../../../../arm-none-eabi/lib/thumb/v7e-m\libc.a(lib_a-svfprintf.o) (_localeconv_r)
c:/program files (x86)/atmel/studio/7.0/toolchain/arm/arm-gnu-toolchain/bin/../lib/gcc/arm-none-eabi/6.3.1/../../../../arm-none-eabi/lib/thumb/v7e-m\libc.a(lib_a-lock.o)
                              c:/program files (x86)/atmel/studio/7.0/toolchain/arm/arm-gnu-toolchain/bin/../lib/gcc/arm-none-eabi/6.3.1/../../../../arm-none-eabi/lib/thumb/v7e-m\libc.a(lib_a-__call_atexit.o) (__retarget_lock_acquire_recursive)
c:/program files (x86)/atmel/studio/7.0/toolchain/arm/arm-gnu-toolchain/bin/../lib/gcc/arm-none-eabi/6.3.1/../../../../arm-none-eabi/lib/thumb/v7e-m\libc.a(lib_a-mallocr.o)
[...]
Memory Configuration

Name             Origin             Length             Attributes
rom              0x00400000         0x00080000         xr
ram              0x20000000         0x00020000         xrw
*default*        0x00000000         0xffffffff

Linker script and memory map

LOAD c:/program files (x86)/atmel/studio/7.0/toolchain/arm/arm-gnu-toolchain/bin/../lib/gcc/arm-none-eabi/6.3.1/thumb/v7e-m/crti.o
LOAD c:/program files (x86)/atmel/studio/7.0/toolchain/arm/arm-gnu-toolchain/bin/../lib/gcc/arm-none-eabi/6.3.1/thumb/v7e-m/crtbegin.o
LOAD c:/program files (x86)/atmel/studio/7.0/toolchain/arm/arm-gnu-toolchain/bin/../lib/gcc/arm-none-eabi/6.3.1/../../../../arm-none-eabi/lib/thumb/v7e-m/crt0.o
LOAD src/ASF/common/services/serial/usart_serial.o
LOAD src/ASF/common/services/spi/sam_spi/spi_master.o
LOAD src/ASF/common/utils/stdio/read.o
LOAD src/ASF/common/utils/stdio/write.o
LOAD src/ASF/sam/drivers/pio/pio_handler.o
LOAD src/ASF/sam/drivers/spi/spi.o
LOAD src/ASF/sam/drivers/tc/tc.o
LOAD src/ASF/sam/drivers/twi/twi.o
LOAD src/ASF/sam/drivers/uart/uart.o
LOAD src/ASF/sam/drivers/usart/usart.o
LOAD src/ASF/sam/drivers/wdt/wdt.o
LOAD src/camera.o
LOAD src/ov2640.o
LOAD src/ov2640_table_registers.o
LOAD src/timer_interface.o
LOAD src/wifi.o
LOAD src/ASF/common/services/delay/sam/cycle_counter.o
LOAD src/ASF/common/services/clock/sam4s/sysclk.o
LOAD src/ASF/sam/drivers/pio/pio.o
LOAD src/ASF/sam/drivers/pmc/pmc.o
LOAD src/ASF/sam/drivers/pmc/sleep.o
LOAD src/ASF/common/boards/user_board/init.o
LOAD src/ASF/common/utils/interrupt/interrupt_sam_nvic.o
LOAD src/ASF/sam/utils/cmsis/sam4s/source/templates/gcc/startup_sam4s.o
LOAD src/ASF/sam/utils/cmsis/sam4s/source/templates/system_sam4s.o
LOAD src/ASF/sam/utils/syscalls/gcc/syscalls.o
LOAD src/main.o
START GROUP
LOAD ../src/ASF/thirdparty/CMSIS/Lib/GCC\libarm_cortexM4l_math.a
LOAD c:/program files (x86)/atmel/studio/7.0/toolchain/arm/arm-gnu-toolchain/bin/../lib/gcc/arm-none-eabi/6.3.1/../../../../arm-none-eabi/lib/thumb/v7e-m\libm.a
END GROUP
START GROUP
LOAD c:/program files (x86)/atmel/studio/7.0/toolchain/arm/arm-gnu-toolchain/bin/../lib/gcc/arm-none-eabi/6.3.1/thumb/v7e-m\libgcc.a
LOAD c:/program files (x86)/atmel/studio/7.0/toolchain/arm/arm-gnu-toolchain/bin/../lib/gcc/arm-none-eabi/6.3.1/../../../../arm-none-eabi/lib/thumb/v7e-m\libc.a
END GROUP
LOAD c:/program files (x86)/atmel/studio/7.0/toolchain/arm/arm-gnu-toolchain/bin/../lib/gcc/arm-none-eabi/6.3.1/thumb/v7e-m/crtend.o
LOAD c:/program files (x86)/atmel/studio/7.0/toolchain/arm/arm-gnu-toolchain/bin/../lib/gcc/arm-none-eabi/6.3.1/thumb/v7e-m/crtn.o
                0x00003000                __stack_size__ = DEFINED (__stack_size__)?__stack_size__:0x3000
                0x2001fffc                __ram_end__ = ((ORIGIN (ram) + LENGTH (ram)) - 0x4)

.text           0x00400000     0x2bc4
                0x00400000                . = ALIGN (0x4)
                0x00400000                _sfixed = .
 *(.vectors .vectors.*)
 .vectors       0x00400000       0xcc src/ASF/sam/utils/cmsis/sam4s/source/templates/gcc/startup_sam4s.o
                0x00400000                exception_table
 *(.text .text.* .gnu.linkonce.t.*)
 .text          0x004000cc       0x6c c:/program files (x86)/atmel/studio/7.0/toolchain/arm/arm-gnu-toolchain/bin/../lib/gcc/arm-none-eabi/6.3.1/thumb/v7e-m/crtbegin.o
 .text.pio_handler_process
                0x00400138       0x68 src/ASF/sam/drivers/pio/pio_handler.o
                0x00400138                pio_handler_process
 .text.pio_handler_set
                0x004001a0       0x70 src/ASF/sam/drivers/pio/pio_handler.o
                0x004001a0                pio_handler_set
 .text.PIOA_Handler
                0x00400210       0x14 src/ASF/sam/drivers/pio/pio_handler.o
                0x00400210                PIOA_Handler
 .text.PIOB_Handler
                0x00400224       0x14 src/ASF/sam/drivers/pio/pio_handler.o
                0x00400224                PIOB_Handler
 .text.spi_enable_clock
                0x00400238       0x10 src/ASF/sam/drivers/spi/spi.o
                0x00400238                spi_enable_clock
 .text.spi_set_peripheral_chip_select_value
                0x00400248       0x16 src/ASF/sam/drivers/spi/spi.o
                0x00400248                spi_set_peripheral_chip_select_value
 .text.spi_read
                0x0040025e       0x2e src/ASF/sam/drivers/spi/spi.o
                0x0040025e                spi_read
 .text.spi_write
                0x0040028c       0x34 src/ASF/sam/drivers/spi/spi.o
                0x0040028c                spi_write
 .text.spi_set_clock_polarity
                0x004002c0       0x1e src/ASF/sam/drivers/spi/spi.o
                0x004002c0                spi_set_clock_polarity
 .text.spi_set_clock_phase
                0x004002de       0x1e src/ASF/sam/drivers/spi/spi.o
                0x004002de                spi_set_clock_phase
 .text.spi_set_bits_per_transfer
                0x004002fc       0x14 src/ASF/sam/drivers/spi/spi.o
                0x004002fc                spi_set_bits_per_transfer
 .text.tc_init  0x00400310       0x18 src/ASF/sam/drivers/tc/tc.o
                0x00400310                tc_init
 .text.tc_start
                0x00400328        0x8 src/ASF/sam/drivers/tc/tc.o
                0x00400328                tc_start
 .text.tc_write_rc
                0x00400330        0x8 src/ASF/sam/drivers/tc/tc.o
                0x00400330                tc_write_rc
 .text.tc_enable_interrupt
                0x00400338        0x8 src/ASF/sam/drivers/tc/tc.o
                0x00400338                tc_enable_interrupt
 .text.tc_get_status
                0x00400340        0x8 src/ASF/sam/drivers/tc/tc.o
                0x00400340                tc_get_status
 .text.tc_find_mck_divisor
                0x00400348       0x70 src/ASF/sam/drivers/tc/tc.o
                0x00400348                tc_find_mck_divisor
 .text.twi_set_speed
                0x004003b8       0xb8 src/ASF/sam/drivers/twi/twi.o
                0x004003b8                twi_set_speed
 .text.twi_master_init
                0x00400470       0x40 src/ASF/sam/drivers/twi/twi.o
                0x00400470                twi_master_init
 .text.twi_mk_addr
                0x004004b0       0x22 src/ASF/sam/drivers/twi/twi.o
                0x004004b0                twi_mk_addr
 *fill*         0x004004d2        0x2 
 .text.twi_master_read
                0x004004d4       0xc0 src/ASF/sam/drivers/twi/twi.o
                0x004004d4                twi_master_read
 .text.twi_master_write
                0x00400594       0x88 src/ASF/sam/drivers/twi/twi.o
                0x00400594                twi_master_write
 .text.usart_set_async_baudrate
                0x0040061c       0x58 src/ASF/sam/drivers/usart/usart.o
                0x0040061c                usart_set_async_baudrate
 .text.usart_reset
                0x00400674       0x30 src/ASF/sam/drivers/usart/usart.o
                0x00400674                usart_reset
 .text.usart_init_rs232
                0x004006a4       0x54 src/ASF/sam/drivers/usart/usart.o
                0x004006a4                usart_init_rs232
 .text.usart_enable_tx
                0x004006f8        0x6 src/ASF/sam/drivers/usart/usart.o
                0x004006f8                usart_enable_tx
 .text.usart_enable_rx
                0x004006fe        0x6 src/ASF/sam/drivers/usart/usart.o
                0x004006fe                usart_enable_rx
 .text.usart_enable_interrupt
                0x00400704        0x4 src/ASF/sam/drivers/usart/usart.o
                0x00400704                usart_enable_interrupt
 .text.usart_disable_interrupt
                0x00400708        0x4 src/ASF/sam/drivers/usart/usart.o
                0x00400708                usart_disable_interrupt
 .text.usart_get_status
                0x0040070c        0x4 src/ASF/sam/drivers/usart/usart.o
                0x0040070c                usart_get_status
 .text.usart_putchar
                0x00400710       0x12 src/ASF/sam/drivers/usart/usart.o
                0x00400710                usart_putchar
 *fill*         0x00400722        0x2 
 .text.usart_write_line
                0x00400724       0x20 src/ASF/sam/drivers/usart/usart.o
                0x00400724                usart_write_line
 .text.usart_read
                0x00400744       0x18 src/ASF/sam/drivers/usart/usart.o
                0x00400744                usart_read
 .text.wdt_disable
                0x0040075c        0x8 src/ASF/sam/drivers/wdt/wdt.o
                0x0040075c                wdt_disable
 .text.vsync_handler
                0x00400764        0xc src/camera.o
                0x00400764                vsync_handler
 .text.init_vsync_interrupts
                0x00400770       0x34 src/camera.o
                0x00400770                init_vsync_interrupts
 .text.configure_twi
                0x004007a4       0x64 src/camera.o
                0x004007a4                configure_twi
 .text.pio_capture_init
                0x00400808       0x70 src/camera.o
                0x00400808                pio_capture_init
 .text.init_camera
                0x00400878       0x50 src/camera.o
                0x00400878                init_camera
 .text.configure_camera
                0x004008c8       0x38 src/camera.o
                0x004008c8                configure_camera
 .text.ov_power
                0x00400900       0x24 src/ov2640.o
                0x00400900                ov_power
 .text.ov_read_reg
                0x00400924        0xc src/ov2640.o
                0x00400924                ov_read_reg
 .text.ov_write_reg
                0x00400930        0xc src/ov2640.o
                0x00400930                ov_write_reg
 .text.ov_write_regs
                0x0040093c       0x5c src/ov2640.o
                0x0040093c                ov_write_regs
 .text.ov_init  0x00400998      0x13c src/ov2640.o
                0x00400998                ov_init
 .text.ov_configure
                0x00400ad4       0xbc src/ov2640.o
                0x00400ad4                ov_configure
 .text.TC0_Handler
                0x00400b90       0x28 src/timer_interface.o
                0x00400b90                TC0_Handler
 .text.configure_tc
                0x00400bb8       0x7c src/timer_interface.o
                0x00400bb8                configure_tc
 .text.process_incoming_byte_wifi
                0x00400c34       0x18 src/wifi.o
                0x00400c34                process_incoming_byte_wifi
 .text.USART0_Handler
                0x00400c4c       0x44 src/wifi.o
                0x00400c4c                USART0_Handler
 .text.process_data_wifi
                0x00400c90       0x24 src/wifi.o
                0x00400c90                process_data_wifi
 .text.wifi_command_response_handler
                0x00400cb4       0x34 src/wifi.o
 .text.configure_usart_wifi
                0x00400ce8       0x90 src/wifi.o
                0x00400ce8                configure_usart_wifi
 .text.configure_wifi_comm_pin
                0x00400d78       0x4c src/wifi.o
                0x00400d78                configure_wifi_comm_pin
 .text.configure_spi
                0x00400dc4       0x4c src/wifi.o
                0x00400dc4                configure_spi
 .text.spi_peripheral_initialize
                0x00400e10       0x68 src/wifi.o
                0x00400e10                spi_peripheral_initialize
 .text.prepare_spi_transfer
                0x00400e78       0x20 src/wifi.o
                0x00400e78                prepare_spi_transfer
 .text.SPI_Handler
                0x00400e98       0x58 src/wifi.o
                0x00400e98                SPI_Handler
 .text.write_wifi_command
                0x00400ef0       0x38 src/wifi.o
                0x00400ef0                write_wifi_command
 .text.sysclk_init
                0x00400f28       0x64 src/ASF/common/services/clock/sam4s/sysclk.o
                0x00400f28                sysclk_init
 .text.pio_set  0x00400f8c        0x4 src/ASF/sam/drivers/pio/pio.o
                0x00400f8c                pio_set
 .text.pio_clear
                0x00400f90        0x4 src/ASF/sam/drivers/pio/pio.o
                0x00400f90                pio_clear
 .text.pio_set_peripheral
                0x00400f94       0x90 src/ASF/sam/drivers/pio/pio.o
                0x00400f94                pio_set_peripheral
 .text.pio_set_input
                0x00401024       0x32 src/ASF/sam/drivers/pio/pio.o
                0x00401024                pio_set_input
 .text.pio_set_output
                0x00401056       0x26 src/ASF/sam/drivers/pio/pio.o
                0x00401056                pio_set_output
 .text.pio_configure_interrupt
                0x0040107c       0x2e src/ASF/sam/drivers/pio/pio.o
                0x0040107c                pio_configure_interrupt
 .text.pio_enable_interrupt
                0x004010aa        0x4 src/ASF/sam/drivers/pio/pio.o
                0x004010aa                pio_enable_interrupt
 .text.pio_get_interrupt_status
                0x004010ae        0x4 src/ASF/sam/drivers/pio/pio.o
                0x004010ae                pio_get_interrupt_status
 .text.pio_get_interrupt_mask
                0x004010b2        0x4 src/ASF/sam/drivers/pio/pio.o
                0x004010b2                pio_get_interrupt_mask
 *fill*         0x004010b6        0x2 
 .text.pio_configure_pin
                0x004010b8      0x120 src/ASF/sam/drivers/pio/pio.o
                0x004010b8                pio_configure_pin
 .text.pmc_switch_mck_to_pllack
                0x004011d8       0x64 src/ASF/sam/drivers/pmc/pmc.o
                0x004011d8                pmc_switch_mck_to_pllack
 .text.pmc_switch_mainck_to_xtal
                0x0040123c       0x54 src/ASF/sam/drivers/pmc/pmc.o
                0x0040123c                pmc_switch_mainck_to_xtal
 .text.pmc_osc_is_ready_mainck
                0x00401290       0x10 src/ASF/sam/drivers/pmc/pmc.o
                0x00401290                pmc_osc_is_ready_mainck
 .text.pmc_disable_pllack
                0x004012a0       0x10 src/ASF/sam/drivers/pmc/pmc.o
                0x004012a0                pmc_disable_pllack
 .text.pmc_is_locked_pllack
                0x004012b0       0x10 src/ASF/sam/drivers/pmc/pmc.o
                0x004012b0                pmc_is_locked_pllack
 .text.pmc_enable_periph_clk
                0x004012c0       0x54 src/ASF/sam/drivers/pmc/pmc.o
                0x004012c0                pmc_enable_periph_clk
 .text.board_init
                0x00401314       0x4c src/ASF/common/boards/user_board/init.o
                0x00401314                board_init
 .text.Dummy_Handler
                0x00401360        0x2 src/ASF/sam/utils/cmsis/sam4s/source/templates/gcc/startup_sam4s.o
                0x00401360                DACC_Handler
                0x00401360                DebugMon_Handler
                0x00401360                HardFault_Handler
                0x00401360                TC2_Handler
                0x00401360                SysTick_Handler
                0x00401360                TWI1_Handler
                0x00401360                PendSV_Handler
                0x00401360                NMI_Handler
                0x00401360                ADC_Handler
                0x00401360                CRCCU_Handler
                0x00401360                RTT_Handler
                0x00401360                RTC_Handler
                0x00401360                UsageFault_Handler
                0x00401360                WDT_Handler
                0x00401360                TC1_Handler
                0x00401360                HSMCI_Handler
                0x00401360                UART1_Handler
                0x00401360                Dummy_Handler
                0x00401360                TWI0_Handler
                0x00401360                USART1_Handler
                0x00401360                SSC_Handler
                0x00401360                EFC0_Handler
                0x00401360                ACC_Handler
                0x00401360                PMC_Handler
                0x00401360                PWM_Handler
                0x00401360                MemManage_Handler
                0x00401360                SUPC_Handler
                0x00401360                SVC_Handler
                0x00401360                UART0_Handler
                0x00401360                UDP_Handler
                0x00401360                BusFault_Handler
                0x00401360                RSTC_Handler
 *fill*         0x00401362        0x2 
 .text.Reset_Handler
                0x00401364       0xac src/ASF/sam/utils/cmsis/sam4s/source/templates/gcc/startup_sam4s.o
                0x00401364                Reset_Handler
 .text.SystemCoreClockUpdate
                0x00401410      0x110 src/ASF/sam/utils/cmsis/sam4s/source/templates/system_sam4s.o
                0x00401410                SystemCoreClockUpdate
 .text.system_init_flash
                0x00401520       0x74 src/ASF/sam/utils/cmsis/sam4s/source/templates/system_sam4s.o
                0x00401520                system_init_flash
 .text.main     0x00401594      0x108 src/main.o
                0x00401594                main
 .text.__libc_init_array
                0x0040169c       0x50 c:/program files (x86)/atmel/studio/7.0/toolchain/arm/arm-gnu-toolchain/bin/../lib/gcc/arm-none-eabi/6.3.1/../../../../arm-none-eabi/lib/thumb/v7e-m\libc.a(lib_a-init.o)
                0x0040169c                __libc_init_array
 .text.critical_factorization
                0x004016ec       0xb4 c:/program files (x86)/atmel/studio/7.0/toolchain/arm/arm-gnu-toolchain/bin/../lib/gcc/arm-none-eabi/6.3.1/../../../../arm-none-eabi/lib/thumb/v7e-m\libc.a(lib_a-strstr.o)
 .text.two_way_long_needle
                0x004017a0      0x1fc c:/program files (x86)/atmel/studio/7.0/toolchain/arm/arm-gnu-toolchain/bin/../lib/gcc/arm-none-eabi/6.3.1/../../../../arm-none-eabi/lib/thumb/v7e-m\libc.a(lib_a-strstr.o)
 .text.strstr   0x0040199c      0x218 c:/program files (x86)/atmel/studio/7.0/toolchain/arm/arm-gnu-toolchain/bin/../lib/gcc/arm-none-eabi/6.3.1/../../../../arm-none-eabi/lib/thumb/v7e-m\libc.a(lib_a-strstr.o)
                0x0040199c                strstr
 .text.startup.register_fini
                0x00401bb4       0x14 c:/program files (x86)/atmel/studio/7.0/toolchain/arm/arm-gnu-toolchain/bin/../lib/gcc/arm-none-eabi/6.3.1/../../../../arm-none-eabi/lib/thumb/v7e-m\libc.a(lib_a-__call_atexit.o)
 .text.atexit   0x00401bc8        0xc c:/program files (x86)/atmel/studio/7.0/toolchain/arm/arm-gnu-toolchain/bin/../lib/gcc/arm-none-eabi/6.3.1/../../../../arm-none-eabi/lib/thumb/v7e-m\libc.a(lib_a-atexit.o)
                0x00401bc8                atexit
 .text.__libc_fini_array
                0x00401bd4       0x34 c:/program files (x86)/atmel/studio/7.0/toolchain/arm/arm-gnu-toolchain/bin/../lib/gcc/arm-none-eabi/6.3.1/../../../../arm-none-eabi/lib/thumb/v7e-m\libc.a(lib_a-fini.o)
                0x00401bd4                __libc_fini_array
 .text.__retarget_lock_acquire_recursive
                0x00401c08        0x4 c:/program files (x86)/atmel/studio/7.0/toolchain/arm/arm-gnu-toolchain/bin/../lib/gcc/arm-none-eabi/6.3.1/../../../../arm-none-eabi/lib/thumb/v7e-m\libc.a(lib_a-lock.o)
                0x00401c08                __retarget_lock_acquire_recursive
 .text.__retarget_lock_release_recursive
                0x00401c0c        0x4 c:/program files (x86)/atmel/studio/7.0/toolchain/arm/arm-gnu-toolchain/bin/../lib/gcc/arm-none-eabi/6.3.1/../../../../arm-none-eabi/lib/thumb/v7e-m\libc.a(lib_a-lock.o)
                0x00401c0c                __retarget_lock_release_recursive
 .text          0x00401c10       0xa0 c:/program files (x86)/atmel/studio/7.0/toolchain/arm/arm-gnu-toolchain/bin/../lib/gcc/arm-none-eabi/6.3.1/../../../../arm-none-eabi/lib/thumb/v7e-m\libc.a(lib_a-memchr.o)
                0x00401c10                memchr
 .text.memcmp   0x00401cb0       0x60 c:/program files (x86)/atmel/studio/7.0/toolchain/arm/arm-gnu-toolchain/bin/../lib/gcc/arm-none-eabi/6.3.1/../../../../arm-none-eabi/lib/thumb/v7e-m\libc.a(lib_a-memcmp.o)
                0x00401cb0                memcmp
 .text.strchr   0x00401d10       0xe8 c:/program files (x86)/atmel/studio/7.0/toolchain/arm/arm-gnu-toolchain/bin/../lib/gcc/arm-none-eabi/6.3.1/../../../../arm-none-eabi/lib/thumb/v7e-m\libc.a(lib_a-strchr.o)
                0x00401d10                strchr
 .text.__register_exitproc
                0x00401df8       0xc4 c:/program files (x86)/atmel/studio/7.0/toolchain/arm/arm-gnu-toolchain/bin/../lib/gcc/arm-none-eabi/6.3.1/../../../../arm-none-eabi/lib/thumb/v7e-m\libc.a(lib_a-__atexit.o)
                0x00401df8                __register_exitproc
 *(.glue_7t)
 .glue_7t       0x00401ebc        0x0 linker stubs
 *(.glue_7)
 .glue_7        0x00401ebc        0x0 linker stubs
 *(.rodata .rodata* .gnu.linkonce.r.*)
 .rodata.OV2640_JPEG
                0x00401ebc       0x12 src/ov2640_table_registers.o
                0x00401ebc                OV2640_JPEG
 *fill*         0x00401ece        0x2 
 .rodata.OV2640_JPEG_1024x768
                0x00401ed0       0x4e src/ov2640_table_registers.o
                0x00401ed0                OV2640_JPEG_1024x768
 *fill*         0x00401f1e        0x2 
 .rodata.OV2640_JPEG_1280x1024
                0x00401f20       0x52 src/ov2640_table_registers.o
                0x00401f20                OV2640_JPEG_1280x1024
 *fill*         0x00401f72        0x2 
 .rodata.OV2640_JPEG_1600x1200
                0x00401f74       0x52 src/ov2640_table_registers.o
                0x00401f74                OV2640_JPEG_1600x1200
 *fill*         0x00401fc6        0x2 
 .rodata.OV2640_JPEG_320x240
                0x00401fc8       0x50 src/ov2640_table_registers.o
                0x00401fc8                OV2640_JPEG_320x240
 .rodata.OV2640_JPEG_640x480
                0x00402018       0x52 src/ov2640_table_registers.o
                0x00402018                OV2640_JPEG_640x480
 *fill*         0x0040206a        0x2 
 .rodata.OV2640_JPEG_800x600
                0x0040206c       0x52 src/ov2640_table_registers.o
                0x0040206c                OV2640_JPEG_800x600
 *fill*         0x004020be        0x2 
 .rodata.OV2640_JPEG_INIT
                0x004020c0      0x17e src/ov2640_table_registers.o
                0x004020c0                OV2640_JPEG_INIT
 *fill*         0x0040223e        0x2 
 .rodata.OV2640_QQVGA_RGB888
                0x00402240       0xf4 src/ov2640_table_registers.o
                0x00402240                OV2640_QQVGA_RGB888
 .rodata.OV2640_QQVGA_YUV422
                0x00402334       0xf4 src/ov2640_table_registers.o
                0x00402334                OV2640_QQVGA_YUV422
 .rodata.OV2640_QVGA_RGB888
                0x00402428       0xf4 src/ov2640_table_registers.o
                0x00402428                OV2640_QVGA_RGB888
 .rodata.OV2640_QVGA_YUV422_10FPS
                0x0040251c       0xf0 src/ov2640_table_registers.o
                0x0040251c                OV2640_QVGA_YUV422_10FPS
 .rodata.OV2640_QVGA_YUV422_15FPS
                0x0040260c       0xf0 src/ov2640_table_registers.o
                0x0040260c                OV2640_QVGA_YUV422_15FPS
 .rodata.OV2640_QVGA_YUV422_20FPS
                0x004026fc       0xf0 src/ov2640_table_registers.o
                0x004026fc                OV2640_QVGA_YUV422_20FPS
 .rodata.OV2640_QVGA_YUV422_30FPS
                0x004027ec       0xf0 src/ov2640_table_registers.o
                0x004027ec                OV2640_QVGA_YUV422_30FPS
 .rodata.OV2640_TEST_PATTERN
                0x004028dc       0xf4 src/ov2640_table_registers.o
                0x004028dc                OV2640_TEST_PATTERN
 .rodata.OV2640_VGA_YUV422_20FPS
                0x004029d0       0xf0 src/ov2640_table_registers.o
                0x004029d0                OV2640_VGA_YUV422_20FPS
 .rodata.OV2640_YUV422
                0x00402ac0       0x14 src/ov2640_table_registers.o
                0x00402ac0                OV2640_YUV422
 .rodata        0x00402ad4       0x18 src/wifi.o
 .rodata.process_data_wifi.str1.4
                0x00402aec        0x8 src/wifi.o
 .rodata.main.str1.4
                0x00402af4       0xa8 src/main.o
                                 0xa5 (size before relaxing)
 .rodata._global_impure_ptr
                0x00402b9c        0x4 c:/program files (x86)/atmel/studio/7.0/toolchain/arm/arm-gnu-toolchain/bin/../lib/gcc/arm-none-eabi/6.3.1/../../../../arm-none-eabi/lib/thumb/v7e-m\libc.a(lib_a-impure.o)
                0x00402b9c                _global_impure_ptr
 *(.ARM.extab* .gnu.linkonce.armextab.*)
                0x00402ba0                . = ALIGN (0x4)
 *(.init)
 .init          0x00402ba0        0x4 c:/program files (x86)/atmel/studio/7.0/toolchain/arm/arm-gnu-toolchain/bin/../lib/gcc/arm-none-eabi/6.3.1/thumb/v7e-m/crti.o
                0x00402ba0                _init
 .init          0x00402ba4        0x8 c:/program files (x86)/atmel/studio/7.0/toolchain/arm/arm-gnu-toolchain/bin/../lib/gcc/arm-none-eabi/6.3.1/thumb/v7e-m/crtn.o
                0x00402bac                . = ALIGN (0x4)
                0x00402bac                __preinit_array_start = .
 *(.preinit_array)
                0x00402bac                __preinit_array_end = .
                0x00402bac                . = ALIGN (0x4)
                0x00402bac                __init_array_start = .
 *(SORT(.init_array.*))
 .init_array.00000
                0x00402bac        0x4 c:/program files (x86)/atmel/studio/7.0/toolchain/arm/arm-gnu-toolchain/bin/../lib/gcc/arm-none-eabi/6.3.1/../../../../arm-none-eabi/lib/thumb/v7e-m\libc.a(lib_a-__call_atexit.o)
 *(.init_array)
 .init_array    0x00402bb0        0x4 c:/program files (x86)/atmel/studio/7.0/toolchain/arm/arm-gnu-toolchain/bin/../lib/gcc/arm-none-eabi/6.3.1/thumb/v7e-m/crtbegin.o
                0x00402bb4                __init_array_end = .
                0x00402bb4                . = ALIGN (0x4)
 *crtbegin.o(.ctors)
 *(EXCLUDE_FILE(*crtend.o) .ctors)
 *(SORT(.ctors.*))
 *crtend.o(.ctors)
                0x00402bb4                . = ALIGN (0x4)
 *(.fini)
 .fini          0x00402bb4        0x4 c:/program files (x86)/atmel/studio/7.0/toolchain/arm/arm-gnu-toolchain/bin/../lib/gcc/arm-none-eabi/6.3.1/thumb/v7e-m/crti.o
                0x00402bb4                _fini
 .fini          0x00402bb8        0x8 c:/program files (x86)/atmel/studio/7.0/toolchain/arm/arm-gnu-toolchain/bin/../lib/gcc/arm-none-eabi/6.3.1/thumb/v7e-m/crtn.o
                0x00402bc0                . = ALIGN (0x4)
                0x00402bc0                __fini_array_start = .
 *(.fini_array)
 .fini_array    0x00402bc0        0x4 c:/program files (x86)/atmel/studio/7.0/toolchain/arm/arm-gnu-toolchain/bin/../lib/gcc/arm-none-eabi/6.3.1/thumb/v7e-m/crtbegin.o
 *(SORT(.fini_array.*))
                0x00402bc4                __fini_array_end = .
 *crtbegin.o(.dtors)
 *(EXCLUDE_FILE(*crtend.o) .dtors)
 *(SORT(.dtors.*))
 *crtend.o(.dtors)
                0x00402bc4                . = ALIGN (0x4)
                0x00402bc4                _efixed = .
                [!provide]                PROVIDE (__exidx_start, .)

.vfp11_veneer   0x00402bc4        0x0
 .vfp11_veneer  0x00402bc4        0x0 linker stubs

.v4_bx          0x00402bc4        0x0
 .v4_bx         0x00402bc4        0x0 linker stubs

.iplt           0x00402bc4        0x0
 .iplt          0x00402bc4        0x0 c:/program files (x86)/atmel/studio/7.0/toolchain/arm/arm-gnu-toolchain/bin/../lib/gcc/arm-none-eabi/6.3.1/thumb/v7e-m/crtbegin.o

.eh_frame       0x00402bc4        0x0
 .eh_frame      0x00402bc4        0x0 c:/program files (x86)/atmel/studio/7.0/toolchain/arm/arm-gnu-toolchain/bin/../lib/gcc/arm-none-eabi/6.3.1/thumb/v7e-m/crtbegin.o

.rel.dyn        0x00402bc4        0x0
 .rel.iplt      0x00402bc4        0x0 c:/program files (x86)/atmel/studio/7.0/toolchain/arm/arm-gnu-toolchain/bin/../lib/gcc/arm-none-eabi/6.3.1/thumb/v7e-m/crtbegin.o

.jcr            0x00402bc4        0x0
 .jcr           0x00402bc4        0x0 c:/program files (x86)/atmel/studio/7.0/toolchain/arm/arm-gnu-toolchain/bin/../lib/gcc/arm-none-eabi/6.3.1/thumb/v7e-m/crtbegin.o

.igot.plt       0x00402bc4        0x0
 .igot.plt      0x00402bc4        0x0 c:/program files (x86)/atmel/studio/7.0/toolchain/arm/arm-gnu-toolchain/bin/../lib/gcc/arm-none-eabi/6.3.1/thumb/v7e-m/crtbegin.o

.ARM.exidx
 *(.ARM.exidx* .gnu.linkonce.armexidx.*)
                [!provide]                PROVIDE (__exidx_end, .)
                0x00402bc4                . = ALIGN (0x4)
                0x00402bc4                _etext = .

.relocate       0x20000000      0x43c load address 0x00402bc4
                0x20000000                . = ALIGN (0x4)
                0x20000000                _srelocate = .
 *(.ramfunc .ramfunc.*)
 .ramfunc       0x20000000        0xa src/ASF/common/services/delay/sam/cycle_counter.o
                0x20000000                portable_delay_cycles
 *(.data .data.*)
 *fill*         0x2000000a        0x2 
 .data.SystemCoreClock
                0x2000000c        0x4 src/ASF/sam/utils/cmsis/sam4s/source/templates/system_sam4s.o
                0x2000000c                SystemCoreClock
 .data.impure_data
                0x20000010      0x428 c:/program files (x86)/atmel/studio/7.0/toolchain/arm/arm-gnu-toolchain/bin/../lib/gcc/arm-none-eabi/6.3.1/../../../../arm-none-eabi/lib/thumb/v7e-m\libc.a(lib_a-impure.o)
 .data.__atexit_recursive_mutex
                0x20000438        0x4 c:/program files (x86)/atmel/studio/7.0/toolchain/arm/arm-gnu-toolchain/bin/../lib/gcc/arm-none-eabi/6.3.1/../../../../arm-none-eabi/lib/thumb/v7e-m\libc.a(lib_a-__call_atexit.o)
                0x20000438                __atexit_recursive_mutex
                0x2000043c                . = ALIGN (0x4)
                0x2000043c                _erelocate = .

.bss            0x2000043c      0x4c8 load address 0x00403000
                0x2000043c                . = ALIGN (0x4)
                0x2000043c                _sbss = .
                0x2000043c                _szero = .
 *(.bss .bss.*)
 .bss           0x2000043c       0x1c c:/program files (x86)/atmel/studio/7.0/toolchain/arm/arm-gnu-toolchain/bin/../lib/gcc/arm-none-eabi/6.3.1/thumb/v7e-m/crtbegin.o
 .bss.gs_interrupt_sources
                0x20000458       0x70 src/ASF/sam/drivers/pio/pio_handler.o
 .bss.gs_ul_nb_sources
                0x200004c8        0x4 src/ASF/sam/drivers/pio/pio_handler.o
 .bss.pio_capture_handler
                0x200004cc        0x4 src/ASF/sam/drivers/pio/pio_handler.o
 .bss.ul_reg_val.7523
                0x200004d0        0x4 src/ASF/sam/drivers/usart/usart.o
 .bss.g_ul_vsync_flag
                0x200004d4        0x4 src/camera.o
                0x200004d4                g_ul_vsync_flag
 .bss.image_length
                0x200004d8        0x1 src/camera.o
                0x200004d8                image_length
 *fill*         0x200004d9        0x1 
 .bss.data.8976
                0x200004da        0x2 src/wifi.o
 .bss.input_pos_wifi
                0x200004dc        0x4 src/wifi.o
                0x200004dc                input_pos_wifi
 .bss.new_rx_wifi
                0x200004e0        0x1 src/wifi.o
                0x200004e0                new_rx_wifi
 *fill*         0x200004e1        0x3 
 .bss.received_byte_wifi
                0x200004e4        0x4 src/wifi.o
                0x200004e4                received_byte_wifi
 .bss.transfer_index
                0x200004e8        0x4 src/wifi.o
                0x200004e8                transfer_index
 .bss.transfer_len
                0x200004ec        0x4 src/wifi.o
                0x200004ec                transfer_len
 .bss.uart_test_success
                0x200004f0        0x1 src/wifi.o
                0x200004f0                uart_test_success
 .bss.wifi_comm_success
                0x200004f1        0x1 src/wifi.o
                0x200004f1                wifi_comm_success
 *(COMMON)
 COMMON         0x200004f2        0x1 src/timer_interface.o
                0x200004f2                counts
 *fill*         0x200004f3        0x1 
 COMMON         0x200004f4      0x3e8 src/wifi.o
                0x200004f4                input_line_wifi
 COMMON         0x200008dc        0x4 src/ASF/sam/drivers/pio/pio.o
                0x200008dc                pio_capture_enable_flag
 COMMON         0x200008e0       0x21 c:/program files (x86)/atmel/studio/7.0/toolchain/arm/arm-gnu-toolchain/bin/../lib/gcc/arm-none-eabi/6.3.1/../../../../arm-none-eabi/lib/thumb/v7e-m\libc.a(lib_a-lock.o)
                0x200008e0                __lock___atexit_recursive_mutex
                0x200008e4                __lock___arc4random_mutex
                0x200008e8                __lock___env_recursive_mutex
                0x200008ec                __lock___sinit_recursive_mutex
                0x200008f0                __lock___malloc_recursive_mutex
                0x200008f4                __lock___at_quick_exit_mutex
                0x200008f8                __lock___dd_hash_mutex
                0x200008fc                __lock___tz_mutex
                0x20000900                __lock___sfp_recursive_mutex
                0x20000904                . = ALIGN (0x4)
 *fill*         0x20000901        0x3 
                0x20000904                _ebss = .
                0x20000904                _ezero = .

.stack          0x20000904     0x3004 load address 0x004034c8
                0x20000908                . = ALIGN (0x8)
 *fill*         0x20000904        0x4 
                0x20000908                _sstack = .
                0x20003908                . = (. + __stack_size__)
 *fill*         0x20000908     0x3000 
                0x20003908                . = ALIGN (0x8)
                0x20003908                _estack = .
                0x20003908                . = ALIGN (0x4)
                0x20003908                _end = .
OUTPUT(WebcamFirmware.elf elf32-littlearm)

.ARM.attributes
                0x00000000       0x2a
 .ARM.attributes
                0x00000000       0x1e c:/program files (x86)/atmel/studio/7.0/toolchain/arm/arm-gnu-toolchain/bin/../lib/gcc/arm-none-eabi/6.3.1/thumb/v7e-m/crti.o
 .ARM.attributes
                0x0000001e       0x2e c:/program files (x86)/atmel/studio/7.0/toolchain/arm/arm-gnu-toolchain/bin/../lib/gcc/arm-none-eabi/6.3.1/thumb/v7e-m/crtbegin.o
 .ARM.attributes
                0x0000004c       0x33 src/ASF/sam/drivers/pio/pio_handler.o
 .ARM.attributes
                0x0000007f       0x33 src/ASF/sam/drivers/spi/spi.o
 .ARM.attributes
                0x000000b2       0x33 src/ASF/sam/drivers/tc/tc.o
 .ARM.attributes
                0x000000e5       0x33 src/ASF/sam/drivers/twi/twi.o
 .ARM.attributes
                0x00000118       0x33 src/ASF/sam/drivers/usart/usart.o
 .ARM.attributes
                0x0000014b       0x33 src/ASF/sam/drivers/wdt/wdt.o
 .ARM.attributes
                0x0000017e       0x33 src/camera.o
 .ARM.attributes
                0x000001b1       0x33 src/ov2640.o
 .ARM.attributes
                0x000001e4       0x33 src/ov2640_table_registers.o
 .ARM.attributes
                0x00000217       0x33 src/timer_interface.o
 .ARM.attributes
                0x0000024a       0x33 src/wifi.o
 .ARM.attributes
                0x0000027d       0x33 src/ASF/common/services/delay/sam/cycle_counter.o
 .ARM.attributes
                0x000002b0       0x33 src/ASF/common/services/clock/sam4s/sysclk.o
 .ARM.attributes
                0x000002e3       0x33 src/ASF/sam/drivers/pio/pio.o
 .ARM.attributes
                0x00000316       0x33 src/ASF/sam/drivers/pmc/pmc.o
 .ARM.attributes
                0x00000349       0x33 src/ASF/common/boards/user_board/init.o
 .ARM.attributes
                0x0000037c       0x33 src/ASF/sam/utils/cmsis/sam4s/source/templates/gcc/startup_sam4s.o
 .ARM.attributes
                0x000003af       0x33 src/ASF/sam/utils/cmsis/sam4s/source/templates/system_sam4s.o
 .ARM.attributes
                0x000003e2       0x33 src/main.o
 .ARM.attributes
                0x00000415       0x2e c:/program files (x86)/atmel/studio/7.0/toolchain/arm/arm-gnu-toolchain/bin/../lib/gcc/arm-none-eabi/6.3.1/../../../../arm-none-eabi/lib/thumb/v7e-m\libc.a(lib_a-impure.o)
 .ARM.attributes
                0x00000443       0x2e c:/program files (x86)/atmel/studio/7.0/toolchain/arm/arm-gnu-toolchain/bin/../lib/gcc/arm-none-eabi/6.3.1/../../../../arm-none-eabi/lib/thumb/v7e-m\libc.a(lib_a-init.o)
 .ARM.attributes
                0x00000471       0x2e c:/program files (x86)/atmel/studio/7.0/toolchain/arm/arm-gnu-toolchain/bin/../lib/gcc/arm-none-eabi/6.3.1/../../../../arm-none-eabi/lib/thumb/v7e-m\libc.a(lib_a-strstr.o)
 .ARM.attributes
                0x0000049f       0x2e c:/program files (x86)/atmel/studio/7.0/toolchain/arm/arm-gnu-toolchain/bin/../lib/gcc/arm-none-eabi/6.3.1/../../../../arm-none-eabi/lib/thumb/v7e-m\libc.a(lib_a-__call_atexit.o)
 .ARM.attributes
                0x000004cd       0x2e c:/program files (x86)/atmel/studio/7.0/toolchain/arm/arm-gnu-toolchain/bin/../lib/gcc/arm-none-eabi/6.3.1/../../../../arm-none-eabi/lib/thumb/v7e-m\libc.a(lib_a-atexit.o)
 .ARM.attributes
                0x000004fb       0x2e c:/program files (x86)/atmel/studio/7.0/toolchain/arm/arm-gnu-toolchain/bin/../lib/gcc/arm-none-eabi/6.3.1/../../../../arm-none-eabi/lib/thumb/v7e-m\libc.a(lib_a-fini.o)
 .ARM.attributes
                0x00000529       0x2e c:/program files (x86)/atmel/studio/7.0/toolchain/arm/arm-gnu-toolchain/bin/../lib/gcc/arm-none-eabi/6.3.1/../../../../arm-none-eabi/lib/thumb/v7e-m\libc.a(lib_a-lock.o)
 .ARM.attributes
                0x00000557       0x1c c:/program files (x86)/atmel/studio/7.0/toolchain/arm/arm-gnu-toolchain/bin/../lib/gcc/arm-none-eabi/6.3.1/../../../../arm-none-eabi/lib/thumb/v7e-m\libc.a(lib_a-memchr.o)
 .ARM.attributes
                0x00000573       0x2e c:/program files (x86)/atmel/studio/7.0/toolchain/arm/arm-gnu-toolchain/bin/../lib/gcc/arm-none-eabi/6.3.1/../../../../arm-none-eabi/lib/thumb/v7e-m\libc.a(lib_a-memcmp.o)
 .ARM.attributes
                0x000005a1       0x2e c:/program files (x86)/atmel/studio/7.0/toolchain/arm/arm-gnu-toolchain/bin/../lib/gcc/arm-none-eabi/6.3.1/../../../../arm-none-eabi/lib/thumb/v7e-m\libc.a(lib_a-strchr.o)
 .ARM.attributes
                0x000005cf       0x2e c:/program files (x86)/atmel/studio/7.0/toolchain/arm/arm-gnu-toolchain/bin/../lib/gcc/arm-none-eabi/6.3.1/../../../../arm-none-eabi/lib/thumb/v7e-m\libc.a(lib_a-__atexit.o)
 .ARM.attributes
                0x000005fd       0x1e c:/program files (x86)/atmel/studio/7.0/toolchain/arm/arm-gnu-toolchain/bin/../lib/gcc/arm-none-eabi/6.3.1/thumb/v7e-m/crtn.o

.comment        0x00000000       0x59
 .comment       0x00000000       0x59 src/ASF/sam/drivers/pio/pio_handler.o
                                 0x5a (size before relaxing)
 .comment       0x00000059       0x5a src/ASF/sam/drivers/spi/spi.o
 .comment       0x00000059       0x5a src/ASF/sam/drivers/tc/tc.o
 .comment       0x00000059       0x5a src/ASF/sam/drivers/twi/twi.o
 .comment       0x00000059       0x5a src/ASF/sam/drivers/usart/usart.o
 .comment       0x00000059       0x5a src/ASF/sam/drivers/wdt/wdt.o
 .comment       0x00000059       0x5a src/camera.o
 .comment       0x00000059       0x5a src/ov2640.o
 .comment       0x00000059       0x5a src/ov2640_table_registers.o
 .comment       0x00000059       0x5a src/timer_interface.o
 .comment       0x00000059       0x5a src/wifi.o
 .comment       0x00000059       0x5a src/ASF/common/services/delay/sam/cycle_counter.o
 .comment       0x00000059       0x5a src/ASF/common/services/clock/sam4s/sysclk.o
 .comment       0x00000059       0x5a src/ASF/sam/drivers/pio/pio.o
 .comment       0x00000059       0x5a src/ASF/sam/drivers/pmc/pmc.o
 .comment       0x00000059       0x5a src/ASF/common/boards/user_board/init.o
 .comment       0x00000059       0x5a src/ASF/sam/utils/cmsis/sam4s/source/templates/gcc/startup_sam4s.o
 .comment       0x00000059       0x5a src/ASF/sam/utils/cmsis/sam4s/source/templates/system_sam4s.o
 .comment       0x00000059       0x5a src/main.o

.debug_info     0x00000000    0x18d0e
 .debug_info    0x00000000     0x18c9 src/ASF/sam/drivers/pio/pio_handler.o
 .debug_info    0x000018c9     0x11c9 src/ASF/sam/drivers/spi/spi.o
 .debug_info    0x00002a92     0x123c src/ASF/sam/drivers/tc/tc.o
 .debug_info    0x00003cce     0x1428 src/ASF/sam/drivers/twi/twi.o
 .debug_info    0x000050f6     0x205d src/ASF/sam/drivers/usart/usart.o
 .debug_info    0x00007153      0xbe5 src/ASF/sam/drivers/wdt/wdt.o
 .debug_info    0x00007d38     0x1ff5 src/camera.o
 .debug_info    0x00009d2d     0x1ca6 src/ov2640.o
 .debug_info    0x0000b9d3      0xc72 src/ov2640_table_registers.o
 .debug_info    0x0000c645     0x10e5 src/timer_interface.o
 .debug_info    0x0000d72a     0x2413 src/wifi.o
 .debug_info    0x0000fb3d      0xa45 src/ASF/common/services/delay/sam/cycle_counter.o
 .debug_info    0x00010582     0x12c2 src/ASF/common/services/clock/sam4s/sysclk.o
 .debug_info    0x00011844     0x221d src/ASF/sam/drivers/pio/pio.o
 .debug_info    0x00013a61     0x19bc src/ASF/sam/drivers/pmc/pmc.o
 .debug_info    0x0001541d     0x13e9 src/ASF/common/boards/user_board/init.o
 .debug_info    0x00016806      0x6d2 src/ASF/sam/utils/cmsis/sam4s/source/templates/gcc/startup_sam4s.o
 .debug_info    0x00016ed8      0x458 src/ASF/sam/utils/cmsis/sam4s/source/templates/system_sam4s.o
 .debug_info    0x00017330     0x19de src/main.o

.debug_abbrev   0x00000000     0x37ef
 .debug_abbrev  0x00000000      0x37f src/ASF/sam/drivers/pio/pio_handler.o
 .debug_abbrev  0x0000037f      0x398 src/ASF/sam/drivers/spi/spi.o
 .debug_abbrev  0x00000717      0x293 src/ASF/sam/drivers/tc/tc.o
 .debug_abbrev  0x000009aa      0x39c src/ASF/sam/drivers/twi/twi.o
 .debug_abbrev  0x00000d46      0x406 src/ASF/sam/drivers/usart/usart.o
 .debug_abbrev  0x0000114c      0x230 src/ASF/sam/drivers/wdt/wdt.o
 .debug_abbrev  0x0000137c      0x3ea src/camera.o
 .debug_abbrev  0x00001766      0x3b0 src/ov2640.o
 .debug_abbrev  0x00001b16      0x1b4 src/ov2640_table_registers.o
 .debug_abbrev  0x00001cca      0x2bd src/timer_interface.o
 .debug_abbrev  0x00001f87      0x403 src/wifi.o
 .debug_abbrev  0x0000238a      0x1b3 src/ASF/common/services/delay/sam/cycle_counter.o
 .debug_abbrev  0x0000253d      0x333 src/ASF/common/services/clock/sam4s/sysclk.o
 .debug_abbrev  0x00002870      0x3ff src/ASF/sam/drivers/pio/pio.o
 .debug_abbrev  0x00002c6f      0x315 src/ASF/sam/drivers/pmc/pmc.o
 .debug_abbrev  0x00002f84      0x2e9 src/ASF/common/boards/user_board/init.o
 .debug_abbrev  0x0000326d      0x15e src/ASF/sam/utils/cmsis/sam4s/source/templates/gcc/startup_sam4s.o
 .debug_abbrev  0x000033cb      0x102 src/ASF/sam/utils/cmsis/sam4s/source/templates/system_sam4s.o
 .debug_abbrev  0x000034cd      0x322 src/main.o

.debug_loc      0x00000000     0x586a
 .debug_loc     0x00000000      0x531 src/ASF/sam/drivers/pio/pio_handler.o
 .debug_loc     0x00000531      0x5ac src/ASF/sam/drivers/spi/spi.o
 .debug_loc     0x00000add      0x5a4 src/ASF/sam/drivers/tc/tc.o
 .debug_loc     0x00001081      0xa21 src/ASF/sam/drivers/twi/twi.o
 .debug_loc     0x00001aa2      0xe59 src/ASF/sam/drivers/usart/usart.o
 .debug_loc     0x000028fb      0x145 src/ASF/sam/drivers/wdt/wdt.o
 .debug_loc     0x00002a40      0x27a src/camera.o
 .debug_loc     0x00002cba      0x9a9 src/ov2640.o
 .debug_loc     0x00003663       0x6c src/timer_interface.o
 .debug_loc     0x000036cf      0x421 src/wifi.o
 .debug_loc     0x00003af0      0x1d9 src/ASF/common/services/clock/sam4s/sysclk.o
 .debug_loc     0x00003cc9      0xdef src/ASF/sam/drivers/pio/pio.o
 .debug_loc     0x00004ab8      0xb91 src/ASF/sam/drivers/pmc/pmc.o
 .debug_loc     0x00005649       0xe8 src/ASF/common/boards/user_board/init.o
 .debug_loc     0x00005731       0xa1 src/ASF/sam/utils/cmsis/sam4s/source/templates/gcc/startup_sam4s.o
 .debug_loc     0x000057d2       0x98 src/main.o

.debug_aranges  0x00000000      0xb18
 .debug_aranges
                0x00000000       0x50 src/ASF/sam/drivers/pio/pio_handler.o
 .debug_aranges
                0x00000050       0x90 src/ASF/sam/drivers/spi/spi.o
 .debug_aranges
                0x000000e0       0xd0 src/ASF/sam/drivers/tc/tc.o
 .debug_aranges
                0x000001b0       0xc8 src/ASF/sam/drivers/twi/twi.o
 .debug_aranges
                0x00000278      0x210 src/ASF/sam/drivers/usart/usart.o
 .debug_aranges
                0x00000488       0x48 src/ASF/sam/drivers/wdt/wdt.o
 .debug_aranges
                0x000004d0       0x60 src/camera.o
 .debug_aranges
                0x00000530       0x78 src/ov2640.o
 .debug_aranges
                0x000005a8       0x18 src/ov2640_table_registers.o
 .debug_aranges
                0x000005c0       0x28 src/timer_interface.o
 .debug_aranges
                0x000005e8       0x88 src/wifi.o
 .debug_aranges
                0x00000670       0x20 src/ASF/common/services/delay/sam/cycle_counter.o
 .debug_aranges
                0x00000690       0x40 src/ASF/common/services/clock/sam4s/sysclk.o
 .debug_aranges
                0x000006d0      0x1a8 src/ASF/sam/drivers/pio/pio.o
 .debug_aranges
                0x00000878      0x208 src/ASF/sam/drivers/pmc/pmc.o
 .debug_aranges
                0x00000a80       0x20 src/ASF/common/boards/user_board/init.o
 .debug_aranges
                0x00000aa0       0x28 src/ASF/sam/utils/cmsis/sam4s/source/templates/gcc/startup_sam4s.o
 .debug_aranges
                0x00000ac8       0x30 src/ASF/sam/utils/cmsis/sam4s/source/templates/system_sam4s.o
 .debug_aranges
                0x00000af8       0x20 src/main.o

.debug_ranges   0x00000000      0xa68
 .debug_ranges  0x00000000       0x58 src/ASF/sam/drivers/pio/pio_handler.o
 .debug_ranges  0x00000058       0x80 src/ASF/sam/drivers/spi/spi.o
 .debug_ranges  0x000000d8       0xc0 src/ASF/sam/drivers/tc/tc.o
 .debug_ranges  0x00000198       0xb8 src/ASF/sam/drivers/twi/twi.o
 .debug_ranges  0x00000250      0x200 src/ASF/sam/drivers/usart/usart.o
 .debug_ranges  0x00000450       0x38 src/ASF/sam/drivers/wdt/wdt.o
 .debug_ranges  0x00000488       0x90 src/camera.o
 .debug_ranges  0x00000518       0x80 src/ov2640.o
 .debug_ranges  0x00000598       0x18 src/timer_interface.o
 .debug_ranges  0x000005b0       0x78 src/wifi.o
 .debug_ranges  0x00000628       0x10 src/ASF/common/services/delay/sam/cycle_counter.o
 .debug_ranges  0x00000638       0x30 src/ASF/common/services/clock/sam4s/sysclk.o
 .debug_ranges  0x00000668      0x1b0 src/ASF/sam/drivers/pio/pio.o
 .debug_ranges  0x00000818      0x1f8 src/ASF/sam/drivers/pmc/pmc.o
 .debug_ranges  0x00000a10       0x10 src/ASF/common/boards/user_board/init.o
 .debug_ranges  0x00000a20       0x18 src/ASF/sam/utils/cmsis/sam4s/source/templates/gcc/startup_sam4s.o
 .debug_ranges  0x00000a38       0x20 src/ASF/sam/utils/cmsis/sam4s/source/templates/system_sam4s.o
 .debug_ranges  0x00000a58       0x10 src/main.o

.debug_macro    0x00000000     0x7ada
 .debug_macro   0x00000000      0x512 src/ASF/sam/drivers/pio/pio_handler.o
 .debug_macro   0x00000512       0x8e src/ASF/sam/drivers/pio/pio_handler.o
 .debug_macro   0x000005a0      0x576 src/ASF/sam/drivers/spi/spi.o
 .debug_macro   0x00000b16       0x10 src/ASF/sam/drivers/spi/spi.o
 .debug_macro   0x00000b26      0x508 src/ASF/sam/drivers/tc/tc.o
 .debug_macro   0x0000102e       0x52 src/ASF/sam/drivers/tc/tc.o
 .debug_macro   0x00001080       0x8d src/ASF/sam/drivers/tc/tc.o
 .debug_macro   0x0000110d       0x16 src/ASF/sam/drivers/tc/tc.o
 .debug_macro   0x00001123       0x57 src/ASF/sam/drivers/tc/tc.o
 .debug_macro   0x0000117a       0x1c src/ASF/sam/drivers/tc/tc.o
 .debug_macro   0x00001196      0x52c src/ASF/sam/drivers/twi/twi.o
 .debug_macro   0x000016c2       0x46 src/ASF/sam/drivers/twi/twi.o
 .debug_macro   0x00001708      0x538 src/ASF/sam/drivers/usart/usart.o
 .debug_macro   0x00001c40       0x28 src/ASF/sam/drivers/usart/usart.o
 .debug_macro   0x00001c68      0x515 src/ASF/sam/drivers/wdt/wdt.o
 .debug_macro   0x0000217d      0x6b3 src/camera.o
 .debug_macro   0x00002830       0x28 src/camera.o
 .debug_macro   0x00002858       0x22 src/camera.o
 .debug_macro   0x0000287a       0x94 src/camera.o
 .debug_macro   0x0000290e       0x40 src/camera.o
 .debug_macro   0x0000294e       0x88 src/camera.o
 .debug_macro   0x000029d6       0x34 src/camera.o
 .debug_macro   0x00002a0a       0x4c src/camera.o
 .debug_macro   0x00002a56       0x10 src/camera.o
 .debug_macro   0x00002a66       0x16 src/camera.o
 .debug_macro   0x00002a7c       0x10 src/camera.o
 .debug_macro   0x00002a8c      0x160 src/camera.o
 .debug_macro   0x00002bec      0x401 src/camera.o
 .debug_macro   0x00002fed      0x5ca src/ov2640.o
 .debug_macro   0x000035b7      0x3fb src/ov2640.o
 .debug_macro   0x000039b2       0x16 src/ov2640.o
 .debug_macro   0x000039c8      0x5a6 src/ov2640_table_registers.o
 .debug_macro   0x00003f6e      0x2d9 src/ov2640_table_registers.o
 .debug_macro   0x00004247      0x6ce src/timer_interface.o
 .debug_macro   0x00004915      0x6e2 src/wifi.o
 .debug_macro   0x00004ff7      0x106 src/wifi.o
 .debug_macro   0x000050fd       0x10 src/wifi.o
 .debug_macro   0x0000510d      0x166 src/wifi.o
 .debug_macro   0x00005273      0x502 src/ASF/common/services/delay/sam/cycle_counter.o
 .debug_macro   0x00005775       0x22 src/ASF/common/services/delay/sam/cycle_counter.o
 .debug_macro   0x00005797      0x56d src/ASF/common/services/clock/sam4s/sysclk.o
 .debug_macro   0x00005d04      0x508 src/ASF/sam/drivers/pio/pio.o
 .debug_macro   0x0000620c      0x508 src/ASF/sam/drivers/pmc/pmc.o
 .debug_macro   0x00006714       0x52 src/ASF/sam/drivers/pmc/pmc.o
 .debug_macro   0x00006766      0x699 src/ASF/common/boards/user_board/init.o
 .debug_macro   0x00006dff      0x2f4 src/ASF/sam/utils/cmsis/sam4s/source/templates/gcc/startup_sam4s.o
 .debug_macro   0x000070f3      0x2fc src/ASF/sam/utils/cmsis/sam4s/source/templates/system_sam4s.o
 .debug_macro   0x000073ef      0x6eb src/main.o

.debug_line     0x00000000     0xf916
 .debug_line    0x00000000      0xafe src/ASF/sam/drivers/pio/pio_handler.o
 .debug_line    0x00000afe      0xc8a src/ASF/sam/drivers/spi/spi.o
 .debug_line    0x00001788      0xbd7 src/ASF/sam/drivers/tc/tc.o
 .debug_line    0x0000235f      0xc9d src/ASF/sam/drivers/twi/twi.o
 .debug_line    0x00002ffc      0xfb5 src/ASF/sam/drivers/usart/usart.o
 .debug_line    0x00003fb1      0xa8b src/ASF/sam/drivers/wdt/wdt.o
 .debug_line    0x00004a3c     0x1070 src/camera.o
 .debug_line    0x00005aac      0xdde src/ov2640.o
 .debug_line    0x0000688a      0xbed src/ov2640_table_registers.o
 .debug_line    0x00007477      0xf8a src/timer_interface.o
 .debug_line    0x00008401     0x1109 src/wifi.o
 .debug_line    0x0000950a      0xa3f src/ASF/common/services/delay/sam/cycle_counter.o
 .debug_line    0x00009f49      0xbc8 src/ASF/common/services/clock/sam4s/sysclk.o
 .debug_line    0x0000ab11      0xee8 src/ASF/sam/drivers/pio/pio.o
 .debug_line    0x0000b9f9      0xfcf src/ASF/sam/drivers/pmc/pmc.o
 .debug_line    0x0000c9c8      0xf43 src/ASF/common/boards/user_board/init.o
 .debug_line    0x0000d90b      0x80c src/ASF/sam/utils/cmsis/sam4s/source/templates/gcc/startup_sam4s.o
 .debug_line    0x0000e117      0x83d src/ASF/sam/utils/cmsis/sam4s/source/templates/system_sam4s.o
 .debug_line    0x0000e954      0xfc2 src/main.o

.debug_str      0x00000000    0x52119
 .debug_str     0x00000000    0x4ac6b src/ASF/sam/drivers/pio/pio_handler.o
                              0x4b115 (size before relaxing)
 .debug_str     0x0004ac6b     0x17c2 src/ASF/sam/drivers/spi/spi.o
                              0x4bdf5 (size before relaxing)
 .debug_str     0x0004c42d      0x383 src/ASF/sam/drivers/tc/tc.o
                              0x4a95c (size before relaxing)
 .debug_str     0x0004c7b0      0x51e src/ASF/sam/drivers/twi/twi.o
                              0x4ab3c (size before relaxing)
 .debug_str     0x0004ccce      0x94e src/ASF/sam/drivers/usart/usart.o
                              0x4aff6 (size before relaxing)
 .debug_str     0x0004d61c      0x12a src/ASF/sam/drivers/wdt/wdt.o
                              0x4a6f8 (size before relaxing)
 .debug_str     0x0004d746     0x2bdf src/camera.o
                              0x4f28b (size before relaxing)
 .debug_str     0x00050325      0x1d4 src/ov2640.o
                              0x4defb (size before relaxing)
 .debug_str     0x000504f9       0x20 src/ov2640_table_registers.o
                              0x4d6b8 (size before relaxing)
 .debug_str     0x00050519       0x66 src/timer_interface.o
                              0x4ce50 (size before relaxing)
 .debug_str     0x0005057f      0x8e7 src/wifi.o
                              0x4e42d (size before relaxing)
 .debug_str     0x00050e66       0x35 src/ASF/common/services/delay/sam/cycle_counter.o
                              0x4a771 (size before relaxing)
 .debug_str     0x00050e9b      0x271 src/ASF/common/services/clock/sam4s/sysclk.o
                              0x4bd8d (size before relaxing)
 .debug_str     0x0005110c      0x3f1 src/ASF/sam/drivers/pio/pio.o
                              0x4b211 (size before relaxing)
 .debug_str     0x000514fd      0x59c src/ASF/sam/drivers/pmc/pmc.o
                              0x4b05d (size before relaxing)
 .debug_str     0x00051a99      0x191 src/ASF/common/boards/user_board/init.o
                              0x4ceab (size before relaxing)
 .debug_str     0x00051c2a      0x428 src/ASF/sam/utils/cmsis/sam4s/source/templates/gcc/startup_sam4s.o
                              0x3a213 (size before relaxing)
 .debug_str     0x00052052       0xb9 src/ASF/sam/utils/cmsis/sam4s/source/templates/system_sam4s.o
                              0x39fb8 (size before relaxing)
 .debug_str     0x0005210b        0xe src/main.o
                              0x4f519 (size before relaxing)

.debug_frame    0x00000000     0x1af8
 .debug_frame   0x00000000       0xdc src/ASF/sam/drivers/pio/pio_handler.o
 .debug_frame   0x000000dc      0x140 src/ASF/sam/drivers/spi/spi.o
 .debug_frame   0x0000021c      0x1a8 src/ASF/sam/drivers/tc/tc.o
 .debug_frame   0x000003c4      0x1d4 src/ASF/sam/drivers/twi/twi.o
 .debug_frame   0x00000598      0x48c src/ASF/sam/drivers/usart/usart.o
 .debug_frame   0x00000a24       0x7c src/ASF/sam/drivers/wdt/wdt.o
 .debug_frame   0x00000aa0       0xf4 src/camera.o
 .debug_frame   0x00000b94      0x190 src/ov2640.o
 .debug_frame   0x00000d24       0x48 src/timer_interface.o
 .debug_frame   0x00000d6c      0x16c src/wifi.o
 .debug_frame   0x00000ed8       0x20 src/ASF/common/services/delay/sam/cycle_counter.o
 .debug_frame   0x00000ef8       0x88 src/ASF/common/services/clock/sam4s/sysclk.o
 .debug_frame   0x00000f80      0x384 src/ASF/sam/drivers/pio/pio.o
 .debug_frame   0x00001304      0x408 src/ASF/sam/drivers/pmc/pmc.o
 .debug_frame   0x0000170c       0x28 src/ASF/common/boards/user_board/init.o
 .debug_frame   0x00001734       0x38 src/ASF/sam/utils/cmsis/sam4s/source/templates/gcc/startup_sam4s.o
 .debug_frame   0x0000176c       0x40 src/ASF/sam/utils/cmsis/sam4s/source/templates/system_sam4s.o
 .debug_frame   0x000017ac       0x28 src/main.o
 .debug_frame   0x000017d4       0x2c c:/program files (x86)/atmel/studio/7.0/toolchain/arm/arm-gnu-toolchain/bin/../lib/gcc/arm-none-eabi/6.3.1/../../../../arm-none-eabi/lib/thumb/v7e-m\libc.a(lib_a-init.o)
 .debug_frame   0x00001800       0xd8 c:/program files (x86)/atmel/studio/7.0/toolchain/arm/arm-gnu-toolchain/bin/../lib/gcc/arm-none-eabi/6.3.1/../../../../arm-none-eabi/lib/thumb/v7e-m\libc.a(lib_a-strstr.o)
 .debug_frame   0x000018d8       0x5c c:/program files (x86)/atmel/studio/7.0/toolchain/arm/arm-gnu-toolchain/bin/../lib/gcc/arm-none-eabi/6.3.1/../../../../arm-none-eabi/lib/thumb/v7e-m\libc.a(lib_a-__call_atexit.o)
 .debug_frame   0x00001934       0x20 c:/program files (x86)/atmel/studio/7.0/toolchain/arm/arm-gnu-toolchain/bin/../lib/gcc/arm-none-eabi/6.3.1/../../../../arm-none-eabi/lib/thumb/v7e-m\libc.a(lib_a-atexit.o)
 .debug_frame   0x00001954       0x34 c:/program files (x86)/atmel/studio/7.0/toolchain/arm/arm-gnu-toolchain/bin/../lib/gcc/arm-none-eabi/6.3.1/../../../../arm-none-eabi/lib/thumb/v7e-m\libc.a(lib_a-fini.o)
 .debug_frame   0x00001988       0xb0 c:/program files (x86)/atmel/studio/7.0/toolchain/arm/arm-gnu-toolchain/bin/../lib/gcc/arm-none-eabi/6.3.1/../../../../arm-none-eabi/lib/thumb/v7e-m\libc.a(lib_a-lock.o)
 .debug_frame   0x00001a38       0x3c c:/program files (x86)/atmel/studio/7.0/toolchain/arm/arm-gnu-toolchain/bin/../lib/gcc/arm-none-eabi/6.3.1/../../../../arm-none-eabi/lib/thumb/v7e-m\libc.a(lib_a-memcmp.o)
 .debug_frame   0x00001a74       0x50 c:/program files (x86)/atmel/studio/7.0/toolchain/arm/arm-gnu-toolchain/bin/../lib/gcc/arm-none-eabi/6.3.1/../../../../arm-none-eabi/lib/thumb/v7e-m\libc.a(lib_a-strchr.o)
 .debug_frame   0x00001ac4       0x34 c:/program files (x86)/atmel/studio/7.0/toolchain/arm/arm-gnu-toolchain/bin/../lib/gcc/arm-none-eabi/6.3.1/../../../../arm-none-eabi/lib/thumb/v7e-m\libc.a(lib_a-__atexit.o)

Cross Reference Table

Symbol                                            File
ACC_Handler                                       src/ASF/sam/utils/cmsis/sam4s/source/templates/gcc/startup_sam4s.o
ADC_Handler                                       src/ASF/sam/utils/cmsis/sam4s/source/templates/gcc/startup_sam4s.o
BusFault_Handler                                  src/ASF/sam/utils/cmsis/sam4s/source/templates/gcc/startup_sam4s.o
CAP_DEST                                          src/main.o
                                                  src/wifi.o
                                                  src/camera.o
CRCCU_Handler                                     src/ASF/sam/utils/cmsis/sam4s/source/templates/gcc/startup_sam4s.o
DACC_Handler                                      src/ASF/sam/utils/cmsis/sam4s/source/templates/gcc/startup_sam4s.o
DebugMon_Handler                                  src/ASF/sam/utils/cmsis/sam4s/source/templates/gcc/startup_sam4s.o
Dummy_Handler                                     src/ASF/sam/utils/cmsis/sam4s/source/templates/gcc/startup_sam4s.o
EFC0_Handler                                      src/ASF/sam/utils/cmsis/sam4s/source/templates/gcc/startup_sam4s.o
EOI                                               src/camera.o
                                                  src/main.o
                                                  src/wifi.o
HSMCI_Handler                                     src/ASF/sam/utils/cmsis/sam4s/source/templates/gcc/startup_sam4s.o
HardFault_Handler                                 src/ASF/sam/utils/cmsis/sam4s/source/templates/gcc/startup_sam4s.o
MemManage_Handler                                 src/ASF/sam/utils/cmsis/sam4s/source/templates/gcc/startup_sam4s.o
NMI_Handler                                       src/ASF/sam/utils/cmsis/sam4s/source/templates/gcc/startup_sam4s.o
OV2640_JPEG                                       src/ov2640_table_registers.o
                                                  src/ov2640.o
OV2640_JPEG_1024x768                              src/ov2640_table_registers.o
                                                  src/ov2640.o
OV2640_JPEG_1280x1024                             src/ov2640_table_registers.o
                                                  src/ov2640.o
OV2640_JPEG_1600x1200                             src/ov2640_table_registers.o
                                                  src/ov2640.o
OV2640_JPEG_320x240                               src/ov2640_table_registers.o
                                                  src/ov2640.o
OV2640_JPEG_640x480                               src/ov2640_table_registers.o
                                                  src/ov2640.o
OV2640_JPEG_800x600                               src/ov2640_table_registers.o
                                                  src/ov2640.o
OV2640_JPEG_INIT                                  src/ov2640_table_registers.o
                                                  src/ov2640.o
OV2640_QQVGA_RGB888                               src/ov2640_table_registers.o
                                                  src/ov2640.o
OV2640_QQVGA_YUV422                               src/ov2640_table_registers.o
                                                  src/ov2640.o
OV2640_QVGA_RGB888                                src/ov2640_table_registers.o
                                                  src/ov2640.o
OV2640_QVGA_YUV422_10FPS                          src/ov2640_table_registers.o
                                                  src/ov2640.o
OV2640_QVGA_YUV422_15FPS                          src/ov2640_table_registers.o
                                                  src/ov2640.o
OV2640_QVGA_YUV422_20FPS                          src/ov2640_table_registers.o
                                                  src/ov2640.o
OV2640_QVGA_YUV422_30FPS                          src/ov2640_table_registers.o
                                                  src/ov2640.o
OV2640_TEST_PATTERN                               src/ov2640_table_registers.o
                                                  src/ov2640.o
OV2640_VGA_YUV422_20FPS                           src/ov2640_table_registers.o
                                                  src/ov2640.o
OV2640_YUV422                                     src/ov2640_table_registers.o
                                                  src/ov2640.o
PIOA_Handler                                      src/ASF/sam/drivers/pio/pio_handler.o
PIOB_Handler                                      src/ASF/sam/drivers/pio/pio_handler.o
PMC_Handler                                       src/ASF/sam/utils/cmsis/sam4s/source/templates/gcc/startup_sam4s.o
PWM_Handler                                       src/ASF/sam/utils/cmsis/sam4s/source/templates/gcc/startup_sam4s.o
PendSV_Handler                                    src/ASF/sam/utils/cmsis/sam4s/source/templates/gcc/startup_sam4s.o
RSTC_Handler                                      src/ASF/sam/utils/cmsis/sam4s/source/templates/gcc/startup_sam4s.o
RTC_Handler                                       src/ASF/sam/utils/cmsis/sam4s/source/templates/gcc/startup_sam4s.o
RTT_Handler                                       src/ASF/sam/utils/cmsis/sam4s/source/templates/gcc/startup_sam4s.o
Reset_Handler                                     src/ASF/sam/utils/cmsis/sam4s/source/templates/gcc/startup_sam4s.o
SOI                                               src/camera.o
                                                  src/main.o
                                                  src/wifi.o
SPI_Handler                                       src/wifi.o
SSC_Handler                                       src/ASF/sam/utils/cmsis/sam4s/source/templates/gcc/startup_sam4s.o
SUPC_Handler                                      src/ASF/sam/utils/cmsis/sam4s/source/templates/gcc/startup_sam4s.o
SVC_Handler                                       src/ASF/sam/utils/cmsis/sam4s/source/templates/gcc/startup_sam4s.o
SysTick_Handler                                   src/ASF/sam/utils/cmsis/sam4s/source/templates/gcc/startup_sam4s.o
SystemCoreClock                                   src/ASF/sam/utils/cmsis/sam4s/source/templates/system_sam4s.o
SystemCoreClockUpdate                             src/ASF/sam/utils/cmsis/sam4s/source/templates/system_sam4s.o
                                                  src/ASF/common/services/clock/sam4s/sysclk.o
SystemInit                                        src/ASF/sam/utils/cmsis/sam4s/source/templates/system_sam4s.o
TC0_Handler                                       src/timer_interface.o
TC1_Handler                                       src/ASF/sam/utils/cmsis/sam4s/source/templates/gcc/startup_sam4s.o
TC2_Handler                                       src/ASF/sam/utils/cmsis/sam4s/source/templates/gcc/startup_sam4s.o
TWI0_Handler                                      src/ASF/sam/utils/cmsis/sam4s/source/templates/gcc/startup_sam4s.o
TWI1_Handler                                      src/ASF/sam/utils/cmsis/sam4s/source/templates/gcc/startup_sam4s.o
UART0_Handler                                     src/ASF/sam/utils/cmsis/sam4s/source/templates/gcc/startup_sam4s.o
UART1_Handler                                     src/ASF/sam/utils/cmsis/sam4s/source/templates/gcc/startup_sam4s.o
UDP_Handler                                       src/ASF/sam/utils/cmsis/sam4s/source/templates/gcc/startup_sam4s.o
USART0_Handler                                    src/wifi.o
USART1_Handler                                    src/ASF/sam/utils/cmsis/sam4s/source/templates/gcc/startup_sam4s.o
UsageFault_Handler                                src/ASF/sam/utils/cmsis/sam4s/source/templates/gcc/startup_sam4s.o
WDT_Handler                                       src/ASF/sam/utils/cmsis/sam4s/source/templates/gcc/startup_sam4s.o
_Balloc                                           c:/program files (x86)/atmel/studio/7.0/toolchain/arm/arm-gnu-toolchain/bin/../lib/gcc/arm-none-eabi/6.3.1/../../../../arm-none-eabi/lib/thumb/v7e-m\libc.a(lib_a-mprec.o)
                                                  c:/program files (x86)/atmel/studio/7.0/toolchain/arm/arm-gnu-toolchain/bin/../lib/gcc/arm-none-eabi/6.3.1/../../../../arm-none-eabi/lib/thumb/v7e-m\libc.a(lib_a-dtoa.o)
_Bfree                                            c:/program files (x86)/atmel/studio/7.0/toolchain/arm/arm-gnu-toolchain/bin/../lib/gcc/arm-none-eabi/6.3.1/../../../../arm-none-eabi/lib/thumb/v7e-m\libc.a(lib_a-mprec.o)
                                                  c:/program files (x86)/atmel/studio/7.0/toolchain/arm/arm-gnu-toolchain/bin/../lib/gcc/arm-none-eabi/6.3.1/../../../../arm-none-eabi/lib/thumb/v7e-m\libc.a(lib_a-dtoa.o)
_Jv_RegisterClasses                               c:/program files (x86)/atmel/studio/7.0/toolchain/arm/arm-gnu-toolchain/bin/../lib/gcc/arm-none-eabi/6.3.1/thumb/v7e-m/crtbegin.o
_PathLocale                                       c:/program files (x86)/atmel/studio/7.0/toolchain/arm/arm-gnu-toolchain/bin/../lib/gcc/arm-none-eabi/6.3.1/../../../../arm-none-eabi/lib/thumb/v7e-m\libc.a(lib_a-locale.o)
__adddf3                                          c:/program files (x86)/atmel/studio/7.0/toolchain/arm/arm-gnu-toolchain/bin/../lib/gcc/arm-none-eabi/6.3.1/thumb/v7e-m\libgcc.a(_arm_addsubdf3.o)
__aeabi_cdcmpeq                                   c:/program files (x86)/atmel/studio/7.0/toolchain/arm/arm-gnu-toolchain/bin/../lib/gcc/arm-none-eabi/6.3.1/thumb/v7e-m\libgcc.a(_arm_cmpdf2.o)
__aeabi_cdcmple                                   c:/program files (x86)/atmel/studio/7.0/toolchain/arm/arm-gnu-toolchain/bin/../lib/gcc/arm-none-eabi/6.3.1/thumb/v7e-m\libgcc.a(_arm_cmpdf2.o)
__aeabi_cdrcmple                                  c:/program files (x86)/atmel/studio/7.0/toolchain/arm/arm-gnu-toolchain/bin/../lib/gcc/arm-none-eabi/6.3.1/thumb/v7e-m\libgcc.a(_arm_cmpdf2.o)
__aeabi_d2iz                                      c:/program files (x86)/atmel/studio/7.0/toolchain/arm/arm-gnu-toolchain/bin/../lib/gcc/arm-none-eabi/6.3.1/thumb/v7e-m\libgcc.a(_arm_fixdfsi.o)
                                                  c:/program files (x86)/atmel/studio/7.0/toolchain/arm/arm-gnu-toolchain/bin/../lib/gcc/arm-none-eabi/6.3.1/../../../../arm-none-eabi/lib/thumb/v7e-m\libc.a(lib_a-dtoa.o)
__aeabi_dadd                                      c:/program files (x86)/atmel/studio/7.0/toolchain/arm/arm-gnu-toolchain/bin/../lib/gcc/arm-none-eabi/6.3.1/thumb/v7e-m\libgcc.a(_arm_addsubdf3.o)
                                                  c:/program files (x86)/atmel/studio/7.0/toolchain/arm/arm-gnu-toolchain/bin/../lib/gcc/arm-none-eabi/6.3.1/../../../../arm-none-eabi/lib/thumb/v7e-m\libc.a(lib_a-dtoa.o)
__aeabi_dcmpeq                                    c:/program files (x86)/atmel/studio/7.0/toolchain/arm/arm-gnu-toolchain/bin/../lib/gcc/arm-none-eabi/6.3.1/thumb/v7e-m\libgcc.a(_arm_cmpdf2.o)
                                                  c:/program files (x86)/atmel/studio/7.0/toolchain/arm/arm-gnu-toolchain/bin/../lib/gcc/arm-none-eabi/6.3.1/../../../../arm-none-eabi/lib/thumb/v7e-m\libc.a(lib_a-dtoa.o)
                                                  c:/program files (x86)/atmel/studio/7.0/toolchain/arm/arm-gnu-toolchain/bin/../lib/gcc/arm-none-eabi/6.3.1/../../../../arm-none-eabi/lib/thumb/v7e-m\libc.a(lib_a-svfprintf.o)
__aeabi_dcmpge                                    c:/program files (x86)/atmel/studio/7.0/toolchain/arm/arm-gnu-toolchain/bin/../lib/gcc/arm-none-eabi/6.3.1/thumb/v7e-m\libgcc.a(_arm_cmpdf2.o)
                                                  c:/program files (x86)/atmel/studio/7.0/toolchain/arm/arm-gnu-toolchain/bin/../lib/gcc/arm-none-eabi/6.3.1/../../../../arm-none-eabi/lib/thumb/v7e-m\libc.a(lib_a-dtoa.o)
__aeabi_dcmpgt                                    c:/program files (x86)/atmel/studio/7.0/toolchain/arm/arm-gnu-toolchain/bin/../lib/gcc/arm-none-eabi/6.3.1/thumb/v7e-m\libgcc.a(_arm_cmpdf2.o)
                                                  c:/program files (x86)/atmel/studio/7.0/toolchain/arm/arm-gnu-toolchain/bin/../lib/gcc/arm-none-eabi/6.3.1/../../../../arm-none-eabi/lib/thumb/v7e-m\libc.a(lib_a-dtoa.o)
__aeabi_dcmple                                    c:/program files (x86)/atmel/studio/7.0/toolchain/arm/arm-gnu-toolchain/bin/../lib/gcc/arm-none-eabi/6.3.1/thumb/v7e-m\libgcc.a(_arm_cmpdf2.o)
                                                  c:/program files (x86)/atmel/studio/7.0/toolchain/arm/arm-gnu-toolchain/bin/../lib/gcc/arm-none-eabi/6.3.1/../../../../arm-none-eabi/lib/thumb/v7e-m\libc.a(lib_a-svfprintf.o)
__aeabi_dcmplt                                    c:/program files (x86)/atmel/studio/7.0/toolchain/arm/arm-gnu-toolchain/bin/../lib/gcc/arm-none-eabi/6.3.1/thumb/v7e-m\libgcc.a(_arm_cmpdf2.o)
                                                  c:/program files (x86)/atmel/studio/7.0/toolchain/arm/arm-gnu-toolchain/bin/../lib/gcc/arm-none-eabi/6.3.1/../../../../arm-none-eabi/lib/thumb/v7e-m\libc.a(lib_a-dtoa.o)
                                                  c:/program files (x86)/atmel/studio/7.0/toolchain/arm/arm-gnu-toolchain/bin/../lib/gcc/arm-none-eabi/6.3.1/../../../../arm-none-eabi/lib/thumb/v7e-m\libc.a(lib_a-svfprintf.o)
__aeabi_dcmpun                                    c:/program files (x86)/atmel/studio/7.0/toolchain/arm/arm-gnu-toolchain/bin/../lib/gcc/arm-none-eabi/6.3.1/thumb/v7e-m\libgcc.a(_arm_unorddf2.o)
                                                  c:/program files (x86)/atmel/studio/7.0/toolchain/arm/arm-gnu-toolchain/bin/../lib/gcc/arm-none-eabi/6.3.1/../../../../arm-none-eabi/lib/thumb/v7e-m\libc.a(lib_a-svfprintf.o)
__aeabi_ddiv                                      c:/program files (x86)/atmel/studio/7.0/toolchain/arm/arm-gnu-toolchain/bin/../lib/gcc/arm-none-eabi/6.3.1/thumb/v7e-m\libgcc.a(_arm_muldivdf3.o)
                                                  c:/program files (x86)/atmel/studio/7.0/toolchain/arm/arm-gnu-toolchain/bin/../lib/gcc/arm-none-eabi/6.3.1/../../../../arm-none-eabi/lib/thumb/v7e-m\libc.a(lib_a-mprec.o)
                                                  c:/program files (x86)/atmel/studio/7.0/toolchain/arm/arm-gnu-toolchain/bin/../lib/gcc/arm-none-eabi/6.3.1/../../../../arm-none-eabi/lib/thumb/v7e-m\libc.a(lib_a-dtoa.o)
__aeabi_dmul                                      c:/program files (x86)/atmel/studio/7.0/toolchain/arm/arm-gnu-toolchain/bin/../lib/gcc/arm-none-eabi/6.3.1/thumb/v7e-m\libgcc.a(_arm_muldivdf3.o)
                                                  c:/program files (x86)/atmel/studio/7.0/toolchain/arm/arm-gnu-toolchain/bin/../lib/gcc/arm-none-eabi/6.3.1/../../../../arm-none-eabi/lib/thumb/v7e-m\libc.a(lib_a-mprec.o)
                                                  c:/program files (x86)/atmel/studio/7.0/toolchain/arm/arm-gnu-toolchain/bin/../lib/gcc/arm-none-eabi/6.3.1/../../../../arm-none-eabi/lib/thumb/v7e-m\libc.a(lib_a-dtoa.o)
__aeabi_drsub                                     c:/program files (x86)/atmel/studio/7.0/toolchain/arm/arm-gnu-toolchain/bin/../lib/gcc/arm-none-eabi/6.3.1/thumb/v7e-m\libgcc.a(_arm_addsubdf3.o)
__aeabi_dsub                                      c:/program files (x86)/atmel/studio/7.0/toolchain/arm/arm-gnu-toolchain/bin/../lib/gcc/arm-none-eabi/6.3.1/thumb/v7e-m\libgcc.a(_arm_addsubdf3.o)
                                                  c:/program files (x86)/atmel/studio/7.0/toolchain/arm/arm-gnu-toolchain/bin/../lib/gcc/arm-none-eabi/6.3.1/../../../../arm-none-eabi/lib/thumb/v7e-m\libc.a(lib_a-dtoa.o)
__aeabi_f2d                                       c:/program files (x86)/atmel/studio/7.0/toolchain/arm/arm-gnu-toolchain/bin/../lib/gcc/arm-none-eabi/6.3.1/thumb/v7e-m\libgcc.a(_arm_addsubdf3.o)
__aeabi_i2d                                       c:/program files (x86)/atmel/studio/7.0/toolchain/arm/arm-gnu-toolchain/bin/../lib/gcc/arm-none-eabi/6.3.1/thumb/v7e-m\libgcc.a(_arm_addsubdf3.o)
                                                  c:/program files (x86)/atmel/studio/7.0/toolchain/arm/arm-gnu-toolchain/bin/../lib/gcc/arm-none-eabi/6.3.1/../../../../arm-none-eabi/lib/thumb/v7e-m\libc.a(lib_a-dtoa.o)
__aeabi_idiv0                                     c:/program files (x86)/atmel/studio/7.0/toolchain/arm/arm-gnu-toolchain/bin/../lib/gcc/arm-none-eabi/6.3.1/thumb/v7e-m\libgcc.a(_dvmd_tls.o)
__aeabi_l2d                                       c:/program files (x86)/atmel/studio/7.0/toolchain/arm/arm-gnu-toolchain/bin/../lib/gcc/arm-none-eabi/6.3.1/thumb/v7e-m\libgcc.a(_arm_addsubdf3.o)
__aeabi_ldiv0                                     c:/program files (x86)/atmel/studio/7.0/toolchain/arm/arm-gnu-toolchain/bin/../lib/gcc/arm-none-eabi/6.3.1/thumb/v7e-m\libgcc.a(_dvmd_tls.o)
                                                  c:/program files (x86)/atmel/studio/7.0/toolchain/arm/arm-gnu-toolchain/bin/../lib/gcc/arm-none-eabi/6.3.1/thumb/v7e-m\libgcc.a(_aeabi_uldivmod.o)
__aeabi_ui2d                                      c:/program files (x86)/atmel/studio/7.0/toolchain/arm/arm-gnu-toolchain/bin/../lib/gcc/arm-none-eabi/6.3.1/thumb/v7e-m\libgcc.a(_arm_addsubdf3.o)
                                                  c:/program files (x86)/atmel/studio/7.0/toolchain/arm/arm-gnu-toolchain/bin/../lib/gcc/arm-none-eabi/6.3.1/../../../../arm-none-eabi/lib/thumb/v7e-m\libc.a(lib_a-dtoa.o)
__aeabi_ul2d                                      c:/program files (x86)/atmel/studio/7.0/toolchain/arm/arm-gnu-toolchain/bin/../lib/gcc/arm-none-eabi/6.3.1/thumb/v7e-m\libgcc.a(_arm_addsubdf3.o)
__aeabi_uldivmod                                  c:/program files (x86)/atmel/studio/7.0/toolchain/arm/arm-gnu-toolchain/bin/../lib/gcc/arm-none-eabi/6.3.1/thumb/v7e-m\libgcc.a(_aeabi_uldivmod.o)
                                                  c:/program files (x86)/atmel/studio/7.0/toolchain/arm/arm-gnu-toolchain/bin/../lib/gcc/arm-none-eabi/6.3.1/../../../../arm-none-eabi/lib/thumb/v7e-m\libc.a(lib_a-svfiprintf.o)
                                                  c:/program files (x86)/atmel/studio/7.0/toolchain/arm/arm-gnu-toolchain/bin/../lib/gcc/arm-none-eabi/6.3.1/../../../../arm-none-eabi/lib/thumb/v7e-m\libc.a(lib_a-svfprintf.o)
__any_on                                          c:/program files (x86)/atmel/studio/7.0/toolchain/arm/arm-gnu-toolchain/bin/../lib/gcc/arm-none-eabi/6.3.1/../../../../arm-none-eabi/lib/thumb/v7e-m\libc.a(lib_a-mprec.o)
__ascii_mbtowc                                    c:/program files (x86)/atmel/studio/7.0/toolchain/arm/arm-gnu-toolchain/bin/../lib/gcc/arm-none-eabi/6.3.1/../../../../arm-none-eabi/lib/thumb/v7e-m\libc.a(lib_a-mbtowc_r.o)
                                                  c:/program files (x86)/atmel/studio/7.0/toolchain/arm/arm-gnu-toolchain/bin/../lib/gcc/arm-none-eabi/6.3.1/../../../../arm-none-eabi/lib/thumb/v7e-m\libc.a(lib_a-locale.o)
__ascii_wctomb                                    c:/program files (x86)/atmel/studio/7.0/toolchain/arm/arm-gnu-toolchain/bin/../lib/gcc/arm-none-eabi/6.3.1/../../../../arm-none-eabi/lib/thumb/v7e-m\libc.a(lib_a-wctomb_r.o)
                                                  c:/program files (x86)/atmel/studio/7.0/toolchain/arm/arm-gnu-toolchain/bin/../lib/gcc/arm-none-eabi/6.3.1/../../../../arm-none-eabi/lib/thumb/v7e-m\libc.a(lib_a-locale.o)
__atexit_recursive_mutex                          c:/program files (x86)/atmel/studio/7.0/toolchain/arm/arm-gnu-toolchain/bin/../lib/gcc/arm-none-eabi/6.3.1/../../../../arm-none-eabi/lib/thumb/v7e-m\libc.a(lib_a-__call_atexit.o)
                                                  c:/program files (x86)/atmel/studio/7.0/toolchain/arm/arm-gnu-toolchain/bin/../lib/gcc/arm-none-eabi/6.3.1/../../../../arm-none-eabi/lib/thumb/v7e-m\libc.a(lib_a-__atexit.o)
__b2d                                             c:/program files (x86)/atmel/studio/7.0/toolchain/arm/arm-gnu-toolchain/bin/../lib/gcc/arm-none-eabi/6.3.1/../../../../arm-none-eabi/lib/thumb/v7e-m\libc.a(lib_a-mprec.o)
__bss_end__                                       c:/program files (x86)/atmel/studio/7.0/toolchain/arm/arm-gnu-toolchain/bin/../lib/gcc/arm-none-eabi/6.3.1/../../../../arm-none-eabi/lib/thumb/v7e-m/crt0.o
__bss_start__                                     c:/program files (x86)/atmel/studio/7.0/toolchain/arm/arm-gnu-toolchain/bin/../lib/gcc/arm-none-eabi/6.3.1/../../../../arm-none-eabi/lib/thumb/v7e-m/crt0.o
__call_exitprocs                                  c:/program files (x86)/atmel/studio/7.0/toolchain/arm/arm-gnu-toolchain/bin/../lib/gcc/arm-none-eabi/6.3.1/../../../../arm-none-eabi/lib/thumb/v7e-m\libc.a(lib_a-__call_atexit.o)
                                                  c:/program files (x86)/atmel/studio/7.0/toolchain/arm/arm-gnu-toolchain/bin/../lib/gcc/arm-none-eabi/6.3.1/../../../../arm-none-eabi/lib/thumb/v7e-m\libc.a(lib_a-exit.o)
__cmpdf2                                          c:/program files (x86)/atmel/studio/7.0/toolchain/arm/arm-gnu-toolchain/bin/../lib/gcc/arm-none-eabi/6.3.1/thumb/v7e-m\libgcc.a(_arm_cmpdf2.o)
__copybits                                        c:/program files (x86)/atmel/studio/7.0/toolchain/arm/arm-gnu-toolchain/bin/../lib/gcc/arm-none-eabi/6.3.1/../../../../arm-none-eabi/lib/thumb/v7e-m\libc.a(lib_a-mprec.o)
__d2b                                             c:/program files (x86)/atmel/studio/7.0/toolchain/arm/arm-gnu-toolchain/bin/../lib/gcc/arm-none-eabi/6.3.1/../../../../arm-none-eabi/lib/thumb/v7e-m\libc.a(lib_a-mprec.o)
                                                  c:/program files (x86)/atmel/studio/7.0/toolchain/arm/arm-gnu-toolchain/bin/../lib/gcc/arm-none-eabi/6.3.1/../../../../arm-none-eabi/lib/thumb/v7e-m\libc.a(lib_a-dtoa.o)
__deregister_frame_info                           c:/program files (x86)/atmel/studio/7.0/toolchain/arm/arm-gnu-toolchain/bin/../lib/gcc/arm-none-eabi/6.3.1/thumb/v7e-m/crtbegin.o
__divdf3                                          c:/program files (x86)/atmel/studio/7.0/toolchain/arm/arm-gnu-toolchain/bin/../lib/gcc/arm-none-eabi/6.3.1/thumb/v7e-m\libgcc.a(_arm_muldivdf3.o)
__dso_handle                                      c:/program files (x86)/atmel/studio/7.0/toolchain/arm/arm-gnu-toolchain/bin/../lib/gcc/arm-none-eabi/6.3.1/thumb/v7e-m/crtbegin.o
__eqdf2                                           c:/program files (x86)/atmel/studio/7.0/toolchain/arm/arm-gnu-toolchain/bin/../lib/gcc/arm-none-eabi/6.3.1/thumb/v7e-m\libgcc.a(_arm_cmpdf2.o)
__extendsfdf2                                     c:/program files (x86)/atmel/studio/7.0/toolchain/arm/arm-gnu-toolchain/bin/../lib/gcc/arm-none-eabi/6.3.1/thumb/v7e-m\libgcc.a(_arm_addsubdf3.o)
__fini_array_end                                  c:/program files (x86)/atmel/studio/7.0/toolchain/arm/arm-gnu-toolchain/bin/../lib/gcc/arm-none-eabi/6.3.1/../../../../arm-none-eabi/lib/thumb/v7e-m\libc.a(lib_a-fini.o)
__fini_array_start                                c:/program files (x86)/atmel/studio/7.0/toolchain/arm/arm-gnu-toolchain/bin/../lib/gcc/arm-none-eabi/6.3.1/../../../../arm-none-eabi/lib/thumb/v7e-m\libc.a(lib_a-fini.o)
__fixdfsi                                         c:/program files (x86)/atmel/studio/7.0/toolchain/arm/arm-gnu-toolchain/bin/../lib/gcc/arm-none-eabi/6.3.1/thumb/v7e-m\libgcc.a(_arm_fixdfsi.o)
__floatdidf                                       c:/program files (x86)/atmel/studio/7.0/toolchain/arm/arm-gnu-toolchain/bin/../lib/gcc/arm-none-eabi/6.3.1/thumb/v7e-m\libgcc.a(_arm_addsubdf3.o)
__floatsidf                                       c:/program files (x86)/atmel/studio/7.0/toolchain/arm/arm-gnu-toolchain/bin/../lib/gcc/arm-none-eabi/6.3.1/thumb/v7e-m\libgcc.a(_arm_addsubdf3.o)
__floatundidf                                     c:/program files (x86)/atmel/studio/7.0/toolchain/arm/arm-gnu-toolchain/bin/../lib/gcc/arm-none-eabi/6.3.1/thumb/v7e-m\libgcc.a(_arm_addsubdf3.o)
__floatunsidf                                     c:/program files (x86)/atmel/studio/7.0/toolchain/arm/arm-gnu-toolchain/bin/../lib/gcc/arm-none-eabi/6.3.1/thumb/v7e-m\libgcc.a(_arm_addsubdf3.o)
__gedf2                                           c:/program files (x86)/atmel/studio/7.0/toolchain/arm/arm-gnu-toolchain/bin/../lib/gcc/arm-none-eabi/6.3.1/thumb/v7e-m\libgcc.a(_arm_cmpdf2.o)
__global_locale                                   c:/program files (x86)/atmel/studio/7.0/toolchain/arm/arm-gnu-toolchain/bin/../lib/gcc/arm-none-eabi/6.3.1/../../../../arm-none-eabi/lib/thumb/v7e-m\libc.a(lib_a-locale.o)
                                                  c:/program files (x86)/atmel/studio/7.0/toolchain/arm/arm-gnu-toolchain/bin/../lib/gcc/arm-none-eabi/6.3.1/../../../../arm-none-eabi/lib/thumb/v7e-m\libc.a(lib_a-wctomb_r.o)
                                                  c:/program files (x86)/atmel/studio/7.0/toolchain/arm/arm-gnu-toolchain/bin/../lib/gcc/arm-none-eabi/6.3.1/../../../../arm-none-eabi/lib/thumb/v7e-m\libc.a(lib_a-mbtowc_r.o)
                                                  c:/program files (x86)/atmel/studio/7.0/toolchain/arm/arm-gnu-toolchain/bin/../lib/gcc/arm-none-eabi/6.3.1/../../../../arm-none-eabi/lib/thumb/v7e-m\libc.a(lib_a-localeconv.o)
__gtdf2                                           c:/program files (x86)/atmel/studio/7.0/toolchain/arm/arm-gnu-toolchain/bin/../lib/gcc/arm-none-eabi/6.3.1/thumb/v7e-m\libgcc.a(_arm_cmpdf2.o)
__hi0bits                                         c:/program files (x86)/atmel/studio/7.0/toolchain/arm/arm-gnu-toolchain/bin/../lib/gcc/arm-none-eabi/6.3.1/../../../../arm-none-eabi/lib/thumb/v7e-m\libc.a(lib_a-mprec.o)
                                                  c:/program files (x86)/atmel/studio/7.0/toolchain/arm/arm-gnu-toolchain/bin/../lib/gcc/arm-none-eabi/6.3.1/../../../../arm-none-eabi/lib/thumb/v7e-m\libc.a(lib_a-dtoa.o)
__i2b                                             c:/program files (x86)/atmel/studio/7.0/toolchain/arm/arm-gnu-toolchain/bin/../lib/gcc/arm-none-eabi/6.3.1/../../../../arm-none-eabi/lib/thumb/v7e-m\libc.a(lib_a-mprec.o)
                                                  c:/program files (x86)/atmel/studio/7.0/toolchain/arm/arm-gnu-toolchain/bin/../lib/gcc/arm-none-eabi/6.3.1/../../../../arm-none-eabi/lib/thumb/v7e-m\libc.a(lib_a-dtoa.o)
__init_array_end                                  c:/program files (x86)/atmel/studio/7.0/toolchain/arm/arm-gnu-toolchain/bin/../lib/gcc/arm-none-eabi/6.3.1/../../../../arm-none-eabi/lib/thumb/v7e-m\libc.a(lib_a-init.o)
__init_array_start                                c:/program files (x86)/atmel/studio/7.0/toolchain/arm/arm-gnu-toolchain/bin/../lib/gcc/arm-none-eabi/6.3.1/../../../../arm-none-eabi/lib/thumb/v7e-m\libc.a(lib_a-init.o)
__ledf2                                           c:/program files (x86)/atmel/studio/7.0/toolchain/arm/arm-gnu-toolchain/bin/../lib/gcc/arm-none-eabi/6.3.1/thumb/v7e-m\libgcc.a(_arm_cmpdf2.o)
__libc_fini                                       c:/program files (x86)/atmel/studio/7.0/toolchain/arm/arm-gnu-toolchain/bin/../lib/gcc/arm-none-eabi/6.3.1/../../../../arm-none-eabi/lib/thumb/v7e-m\libc.a(lib_a-__call_atexit.o)
__libc_fini_array                                 c:/program files (x86)/atmel/studio/7.0/toolchain/arm/arm-gnu-toolchain/bin/../lib/gcc/arm-none-eabi/6.3.1/../../../../arm-none-eabi/lib/thumb/v7e-m\libc.a(lib_a-fini.o)
                                                  c:/program files (x86)/atmel/studio/7.0/toolchain/arm/arm-gnu-toolchain/bin/../lib/gcc/arm-none-eabi/6.3.1/../../../../arm-none-eabi/lib/thumb/v7e-m\libc.a(lib_a-__call_atexit.o)
                                                  c:/program files (x86)/atmel/studio/7.0/toolchain/arm/arm-gnu-toolchain/bin/../lib/gcc/arm-none-eabi/6.3.1/../../../../arm-none-eabi/lib/thumb/v7e-m/crt0.o
__libc_init_array                                 c:/program files (x86)/atmel/studio/7.0/toolchain/arm/arm-gnu-toolchain/bin/../lib/gcc/arm-none-eabi/6.3.1/../../../../arm-none-eabi/lib/thumb/v7e-m\libc.a(lib_a-init.o)
                                                  src/ASF/sam/utils/cmsis/sam4s/source/templates/gcc/startup_sam4s.o
                                                  c:/program files (x86)/atmel/studio/7.0/toolchain/arm/arm-gnu-toolchain/bin/../lib/gcc/arm-none-eabi/6.3.1/../../../../arm-none-eabi/lib/thumb/v7e-m/crt0.o
__lo0bits                                         c:/program files (x86)/atmel/studio/7.0/toolchain/arm/arm-gnu-toolchain/bin/../lib/gcc/arm-none-eabi/6.3.1/../../../../arm-none-eabi/lib/thumb/v7e-m\libc.a(lib_a-mprec.o)
__locale_ctype_ptr                                c:/program files (x86)/atmel/studio/7.0/toolchain/arm/arm-gnu-toolchain/bin/../lib/gcc/arm-none-eabi/6.3.1/../../../../arm-none-eabi/lib/thumb/v7e-m\libc.a(lib_a-locale.o)
__locale_ctype_ptr_l                              c:/program files (x86)/atmel/studio/7.0/toolchain/arm/arm-gnu-toolchain/bin/../lib/gcc/arm-none-eabi/6.3.1/../../../../arm-none-eabi/lib/thumb/v7e-m\libc.a(lib_a-locale.o)
__locale_mb_cur_max                               c:/program files (x86)/atmel/studio/7.0/toolchain/arm/arm-gnu-toolchain/bin/../lib/gcc/arm-none-eabi/6.3.1/../../../../arm-none-eabi/lib/thumb/v7e-m\libc.a(lib_a-locale.o)
__localeconv_l                                    c:/program files (x86)/atmel/studio/7.0/toolchain/arm/arm-gnu-toolchain/bin/../lib/gcc/arm-none-eabi/6.3.1/../../../../arm-none-eabi/lib/thumb/v7e-m\libc.a(lib_a-localeconv.o)
__lock___arc4random_mutex                         c:/program files (x86)/atmel/studio/7.0/toolchain/arm/arm-gnu-toolchain/bin/../lib/gcc/arm-none-eabi/6.3.1/../../../../arm-none-eabi/lib/thumb/v7e-m\libc.a(lib_a-lock.o)
__lock___at_quick_exit_mutex                      c:/program files (x86)/atmel/studio/7.0/toolchain/arm/arm-gnu-toolchain/bin/../lib/gcc/arm-none-eabi/6.3.1/../../../../arm-none-eabi/lib/thumb/v7e-m\libc.a(lib_a-lock.o)
__lock___atexit_recursive_mutex                   c:/program files (x86)/atmel/studio/7.0/toolchain/arm/arm-gnu-toolchain/bin/../lib/gcc/arm-none-eabi/6.3.1/../../../../arm-none-eabi/lib/thumb/v7e-m\libc.a(lib_a-lock.o)
                                                  c:/program files (x86)/atmel/studio/7.0/toolchain/arm/arm-gnu-toolchain/bin/../lib/gcc/arm-none-eabi/6.3.1/../../../../arm-none-eabi/lib/thumb/v7e-m\libc.a(lib_a-__call_atexit.o)
__lock___dd_hash_mutex                            c:/program files (x86)/atmel/studio/7.0/toolchain/arm/arm-gnu-toolchain/bin/../lib/gcc/arm-none-eabi/6.3.1/../../../../arm-none-eabi/lib/thumb/v7e-m\libc.a(lib_a-lock.o)
__lock___env_recursive_mutex                      c:/program files (x86)/atmel/studio/7.0/toolchain/arm/arm-gnu-toolchain/bin/../lib/gcc/arm-none-eabi/6.3.1/../../../../arm-none-eabi/lib/thumb/v7e-m\libc.a(lib_a-lock.o)
__lock___malloc_recursive_mutex                   c:/program files (x86)/atmel/studio/7.0/toolchain/arm/arm-gnu-toolchain/bin/../lib/gcc/arm-none-eabi/6.3.1/../../../../arm-none-eabi/lib/thumb/v7e-m\libc.a(lib_a-lock.o)
                                                  c:/program files (x86)/atmel/studio/7.0/toolchain/arm/arm-gnu-toolchain/bin/../lib/gcc/arm-none-eabi/6.3.1/../../../../arm-none-eabi/lib/thumb/v7e-m\libc.a(lib_a-mlock.o)
__lock___sfp_recursive_mutex                      c:/program files (x86)/atmel/studio/7.0/toolchain/arm/arm-gnu-toolchain/bin/../lib/gcc/arm-none-eabi/6.3.1/../../../../arm-none-eabi/lib/thumb/v7e-m\libc.a(lib_a-lock.o)
__lock___sinit_recursive_mutex                    c:/program files (x86)/atmel/studio/7.0/toolchain/arm/arm-gnu-toolchain/bin/../lib/gcc/arm-none-eabi/6.3.1/../../../../arm-none-eabi/lib/thumb/v7e-m\libc.a(lib_a-lock.o)
__lock___tz_mutex                                 c:/program files (x86)/atmel/studio/7.0/toolchain/arm/arm-gnu-toolchain/bin/../lib/gcc/arm-none-eabi/6.3.1/../../../../arm-none-eabi/lib/thumb/v7e-m\libc.a(lib_a-lock.o)
__lshift                                          c:/program files (x86)/atmel/studio/7.0/toolchain/arm/arm-gnu-toolchain/bin/../lib/gcc/arm-none-eabi/6.3.1/../../../../arm-none-eabi/lib/thumb/v7e-m\libc.a(lib_a-mprec.o)
                                                  c:/program files (x86)/atmel/studio/7.0/toolchain/arm/arm-gnu-toolchain/bin/../lib/gcc/arm-none-eabi/6.3.1/../../../../arm-none-eabi/lib/thumb/v7e-m\libc.a(lib_a-dtoa.o)
__ltdf2                                           c:/program files (x86)/atmel/studio/7.0/toolchain/arm/arm-gnu-toolchain/bin/../lib/gcc/arm-none-eabi/6.3.1/thumb/v7e-m\libgcc.a(_arm_cmpdf2.o)
__malloc_av_                                      c:/program files (x86)/atmel/studio/7.0/toolchain/arm/arm-gnu-toolchain/bin/../lib/gcc/arm-none-eabi/6.3.1/../../../../arm-none-eabi/lib/thumb/v7e-m\libc.a(lib_a-mallocr.o)
                                                  c:/program files (x86)/atmel/studio/7.0/toolchain/arm/arm-gnu-toolchain/bin/../lib/gcc/arm-none-eabi/6.3.1/../../../../arm-none-eabi/lib/thumb/v7e-m\libc.a(lib_a-reallocr.o)
                                                  c:/program files (x86)/atmel/studio/7.0/toolchain/arm/arm-gnu-toolchain/bin/../lib/gcc/arm-none-eabi/6.3.1/../../../../arm-none-eabi/lib/thumb/v7e-m\libc.a(lib_a-freer.o)
__malloc_current_mallinfo                         c:/program files (x86)/atmel/studio/7.0/toolchain/arm/arm-gnu-toolchain/bin/../lib/gcc/arm-none-eabi/6.3.1/../../../../arm-none-eabi/lib/thumb/v7e-m\libc.a(lib_a-mallocr.o)
                                                  c:/program files (x86)/atmel/studio/7.0/toolchain/arm/arm-gnu-toolchain/bin/../lib/gcc/arm-none-eabi/6.3.1/../../../../arm-none-eabi/lib/thumb/v7e-m\libc.a(lib_a-freer.o)
__malloc_lock                                     c:/program files (x86)/atmel/studio/7.0/toolchain/arm/arm-gnu-toolchain/bin/../lib/gcc/arm-none-eabi/6.3.1/../../../../arm-none-eabi/lib/thumb/v7e-m\libc.a(lib_a-mlock.o)
                                                  c:/program files (x86)/atmel/studio/7.0/toolchain/arm/arm-gnu-toolchain/bin/../lib/gcc/arm-none-eabi/6.3.1/../../../../arm-none-eabi/lib/thumb/v7e-m\libc.a(lib_a-reallocr.o)
                                                  c:/program files (x86)/atmel/studio/7.0/toolchain/arm/arm-gnu-toolchain/bin/../lib/gcc/arm-none-eabi/6.3.1/../../../../arm-none-eabi/lib/thumb/v7e-m\libc.a(lib_a-freer.o)
                                                  c:/program files (x86)/atmel/studio/7.0/toolchain/arm/arm-gnu-toolchain/bin/../lib/gcc/arm-none-eabi/6.3.1/../../../../arm-none-eabi/lib/thumb/v7e-m\libc.a(lib_a-mallocr.o)
__malloc_max_sbrked_mem                           c:/program files (x86)/atmel/studio/7.0/toolchain/arm/arm-gnu-toolchain/bin/../lib/gcc/arm-none-eabi/6.3.1/../../../../arm-none-eabi/lib/thumb/v7e-m\libc.a(lib_a-mallocr.o)
__malloc_max_total_mem                            c:/program files (x86)/atmel/studio/7.0/toolchain/arm/arm-gnu-toolchain/bin/../lib/gcc/arm-none-eabi/6.3.1/../../../../arm-none-eabi/lib/thumb/v7e-m\libc.a(lib_a-mallocr.o)
__malloc_sbrk_base                                c:/program files (x86)/atmel/studio/7.0/toolchain/arm/arm-gnu-toolchain/bin/../lib/gcc/arm-none-eabi/6.3.1/../../../../arm-none-eabi/lib/thumb/v7e-m\libc.a(lib_a-mallocr.o)
                                                  c:/program files (x86)/atmel/studio/7.0/toolchain/arm/arm-gnu-toolchain/bin/../lib/gcc/arm-none-eabi/6.3.1/../../../../arm-none-eabi/lib/thumb/v7e-m\libc.a(lib_a-freer.o)
__malloc_top_pad                                  c:/program files (x86)/atmel/studio/7.0/toolchain/arm/arm-gnu-toolchain/bin/../lib/gcc/arm-none-eabi/6.3.1/../../../../arm-none-eabi/lib/thumb/v7e-m\libc.a(lib_a-mallocr.o)
                                                  c:/program files (x86)/atmel/studio/7.0/toolchain/arm/arm-gnu-toolchain/bin/../lib/gcc/arm-none-eabi/6.3.1/../../../../arm-none-eabi/lib/thumb/v7e-m\libc.a(lib_a-freer.o)
__malloc_trim_threshold                           c:/program files (x86)/atmel/studio/7.0/toolchain/arm/arm-gnu-toolchain/bin/../lib/gcc/arm-none-eabi/6.3.1/../../../../arm-none-eabi/lib/thumb/v7e-m\libc.a(lib_a-mallocr.o)
                                                  c:/program files (x86)/atmel/studio/7.0/toolchain/arm/arm-gnu-toolchain/bin/../lib/gcc/arm-none-eabi/6.3.1/../../../../arm-none-eabi/lib/thumb/v7e-m\libc.a(lib_a-freer.o)
__malloc_unlock                                   c:/program files (x86)/atmel/studio/7.0/toolchain/arm/arm-gnu-toolchain/bin/../lib/gcc/arm-none-eabi/6.3.1/../../../../arm-none-eabi/lib/thumb/v7e-m\libc.a(lib_a-mlock.o)
                                                  c:/program files (x86)/atmel/studio/7.0/toolchain/arm/arm-gnu-toolchain/bin/../lib/gcc/arm-none-eabi/6.3.1/../../../../arm-none-eabi/lib/thumb/v7e-m\libc.a(lib_a-reallocr.o)
                                                  c:/program files (x86)/atmel/studio/7.0/toolchain/arm/arm-gnu-toolchain/bin/../lib/gcc/arm-none-eabi/6.3.1/../../../../arm-none-eabi/lib/thumb/v7e-m\libc.a(lib_a-freer.o)
                                                  c:/program files (x86)/atmel/studio/7.0/toolchain/arm/arm-gnu-toolchain/bin/../lib/gcc/arm-none-eabi/6.3.1/../../../../arm-none-eabi/lib/thumb/v7e-m\libc.a(lib_a-mallocr.o)
__mcmp                                            c:/program files (x86)/atmel/studio/7.0/toolchain/arm/arm-gnu-toolchain/bin/../lib/gcc/arm-none-eabi/6.3.1/../../../../arm-none-eabi/lib/thumb/v7e-m\libc.a(lib_a-mprec.o)
                                                  c:/program files (x86)/atmel/studio/7.0/toolchain/arm/arm-gnu-toolchain/bin/../lib/gcc/arm-none-eabi/6.3.1/../../../../arm-none-eabi/lib/thumb/v7e-m\libc.a(lib_a-dtoa.o)